******************************************************************************
                  TI ARM Linker PC v5.2.5                      
******************************************************************************
>> Linked Wed Dec 21 11:09:18 2022

OUTPUT FILE NAME:   <Copy of sd_card_1294_new.out>
ENTRY POINT SYMBOL: "_c_int00"  address: 000c2775


MEMORY CONFIGURATION

         name            origin    length      used     unused   attr    fill
----------------------  --------  ---------  --------  --------  ----  --------
  FLASH                 00000000   00100000  000c320e  0003cdf2  R  X
  SRAM                  20000000   00040000  00000833  0003f7cd  RW X


SEGMENT ALLOCATION MAP

run origin  load origin   length   init length attrs members
----------  ----------- ---------- ----------- ----- -------
00000000    00000000    000c3210   000c3210    r-x
  00000000    00000000    00000208   00000208    r-- .intvecs
  00000208    00000208    000bcd64   000bcd64    r-- .const
  000bcf6c    000bcf6c    00005f6a   00005f6a    r-x .text
  000c2ed8    000c2ed8    00000338   00000338    r-- .cinit
20000000    20000000    00000833   00000000    rw-
  20000000    20000000    0000026c   00000000    rw- .vtable
  2000026c    2000026c    00000324   00000000    rw- .data
  20000590    20000590    00000200   00000000    rw- .stack
  20000790    20000790    000000a3   00000000    rw- .bss


SECTION ALLOCATION MAP

 output                                  attributes/
section   page    origin      length       input sections
--------  ----  ----------  ----------   ----------------
.intvecs   0    00000000    00000208     
                  00000000    00000208     tm4c1294ncpdt_startup_ccs.obj (.intvecs)

.const     0    00000208    000bcd64     
                  00000208    000bb080     TFT_400x240_OTM4001A_16bit.obj (.const:chinese_one_1616)
                  000bb288    00000b00     TFT_400x240_OTM4001A_16bit.obj (.const:asc3_6432)
                  000bbd88    00000600     TFT_400x240_OTM4001A_16bit.obj (.const:asc2_1608)
                  000bc388    00000480     TFT_400x240_OTM4001A_16bit.obj (.const:unique_3232)
                  000bc808    00000280     TFT_400x240_OTM4001A_16bit.obj (.const:asc4_3216)
                  000bca88    00000120     driverlib.lib : sysctl.obj (.const:g_pppui32XTALtoVCO)
                  000bcba8    00000101     rtsv7M4_T_le_v4SPD16_eabi.lib : ctype.obj (.const:.string:_ctypes_)
                  000bcca9    00000003     --HOLE-- [fill = 0]
                  000bccac    00000090     driverlib.lib : gpio.obj (.const:g_pui32GPIOBaseAddrs)
                  000bcd3c    00000070                   : interrupt.obj (.const)
                  000bcdac    0000006c                   : sysctl.obj (.const:g_pui32Xtals)
                  000bce18    00000060                   : timer.obj (.const:g_ppui32TimerIntMap)
                  000bce78    00000040                   : timer.obj (.const:g_ppui32TimerIntMapSnowflake)
                  000bceb8    00000030     IICaccelermeter.obj (.const:.string)
                  000bcee8    00000030     driverlib.lib : sysctl.obj (.const:g_sXTALtoMEMTIM)
                  000bcf18    0000001c     uartstdio.obj (.const)
                  000bcf34    00000014     IICmiziguan.obj (.const)
                  000bcf48    00000012     uartstdio.obj (.const:.string)
                  000bcf5a    00000008     IICmiziguan.obj (.const:.string)
                  000bcf62    00000002     --HOLE-- [fill = 0]
                  000bcf64    00000008     driverlib.lib : sysctl.obj (.const)

.text      0    000bcf6c    00005f6a     
                  000bcf6c    00001360     TFT_400x240_OTM4001A_16bit.obj (.text)
                  000be2cc    00000a24     mmc-dk-tm4c129x.obj (.text)
                  000becf0    00000a10     IICaccelermeter.obj (.text)
                  000bf700    000007d0     IICmiziguan.obj (.text)
                  000bfed0    000006d0     touchTFT.obj (.text)
                  000c05a0    0000061c     TOUCH_TSC2046.obj (.text)
                  000c0bbc    000004dc     uartstdio.obj (.text)
                  000c1098    0000031e     ui.obj (.text)
                  000c13b6    00000002     rtsv7M4_T_le_v4SPD16_eabi.lib : i_div0.obj (.text)
                  000c13b8    00000290     Init.obj (.text)
                  000c1648    000001fc     driverlib.lib : sysctl.obj (.text:SysCtlClockFreqSet)
                  000c1844    000001b6     rtsv7M4_T_le_v4SPD16_eabi.lib : fd_add_t2.obj (.text)
                  000c19fa    00000002     --HOLE-- [fill = 0]
                  000c19fc    00000190     beepMP3.obj (.text)
                  000c1b8c    00000150     adcTest.obj (.text)
                  000c1cdc    00000144     EPIinit.obj (.text)
                  000c1e20    00000136     rtsv7M4_T_le_v4SPD16_eabi.lib : fd_div_t2.obj (.text)
                  000c1f56    00000130     driverlib.lib : gpio.obj (.text:GPIOPadConfigSet)
                  000c2086    00000002     --HOLE-- [fill = 0]
                  000c2088    00000118                   : sysctl.obj (.text:SysCtlClockGet)
                  000c21a0    00000108     PWMbreathingLED.obj (.text)
                  000c22a8    000000fc     rtsv7M4_T_le_v4SPD16_eabi.lib : fd_mul_t2.obj (.text)
                  000c23a4    000000a4     sd_card_1294.obj (.text)
                  000c2448    0000009c     rtsv7M4_T_le_v4SPD16_eabi.lib : memcpy_t2.obj (.text)
                  000c24e4    00000080     driverlib.lib : adc.obj (.text:ADCSequenceStepConfigure)
                  000c2564    0000007a     rtsv7M4_T_le_v4SPD16_eabi.lib : memset_t2.obj (.text)
                  000c25de    00000002     --HOLE-- [fill = 0]
                  000c25e0    0000006c                                   : autoinit.obj (.text)
                  000c264c    0000006a                                   : copy_decompress_rle.obj (.text)
                  000c26b6    00000002     --HOLE-- [fill = 0]
                  000c26b8    00000060     driverlib.lib : interrupt.obj (.text:IntEnable)
                  000c2718    0000005c                   : timer.obj (.text:TimerConfigure)
                  000c2774    00000050     rtsv7M4_T_le_v4SPD16_eabi.lib : boot.obj (.text)
                  000c27c4    0000004c     driverlib.lib : timer.obj (.text:_TimerIntNumberGet)
                  000c2810    0000004c     rtsv7M4_T_le_v4SPD16_eabi.lib : atoi.obj (.text)
                  000c285c    0000004c                                   : cpy_tbl.obj (.text)
                  000c28a8    00000048     driverlib.lib : gpio.obj (.text:GPIOPinConfigure)
                  000c28f0    00000048                   : sysctl.obj (.text:_SysCtlFrequencyGet)
                  000c2938    00000044     rtsv7M4_T_le_v4SPD16_eabi.lib : exit.obj (.text)
                  000c297c    00000044                                   : fd_tou_t2.obj (.text)
                  000c29c0    00000042     driverlib.lib : ssi.obj (.text:SSIConfigSetExpClk)
                  000c2a02    00000040     rtsv7M4_T_le_v4SPD16_eabi.lib : u_divt2.obj (.text)
                  000c2a42    0000003e     driverlib.lib : adc.obj (.text:ADCSequenceConfigure)
                  000c2a80    00000038     rtsv7M4_T_le_v4SPD16_eabi.lib : fs_tod_t2.obj (.text)
                  000c2ab8    00000034     driverlib.lib : interrupt.obj (.text:IntRegister)
                  000c2aec    00000034                   : sysctl.obj (.text:SysCtlPeripheralEnable)
                  000c2b20    0000002e                   : adc.obj (.text:ADCIntStatus)
                  000c2b4e    0000002a                   : gpio.obj (.text:GPIODirModeSet)
                  000c2b78    00000022                   : epi.obj (.text:EPIConfigHB16Set)
                  000c2b9a    00000022                   : pwm.obj (.text:PWMGenConfigure)
                  000c2bbc    0000001e                   : adc.obj (.text:ADCSequenceDataGet)
                  000c2bda    0000001e                   : pwm.obj (.text:PWMPulseWidthSet)
                  000c2bf8    0000001c                   : sysctl.obj (.text:SysCtlGPIOAHBEnable)
                  000c2c14    0000001c                   : sysctl.obj (.text:_SysCtlMemTimingGet)
                  000c2c30    00000018                   : gpio.obj (.text:GPIOPinTypeGPIOOutput)
                  000c2c48    00000018                   : timer.obj (.text:TimerIntRegister)
                  000c2c60    00000018     rtsv7M4_T_le_v4SPD16_eabi.lib : args_main.obj (.text)
                  000c2c78    00000016     driverlib.lib : adc.obj (.text:ADCProcessorTrigger)
                  000c2c8e    00000002     --HOLE-- [fill = 0]
                  000c2c90    00000014                   : systick.obj (.text:SysTickEnable)
                  000c2ca4    00000014                   : systick.obj (.text:SysTickIntEnable)
                  000c2cb8    00000014                   : timer.obj (.text:TimerDisable)
                  000c2ccc    00000014     rtsv7M4_T_le_v4SPD16_eabi.lib : _lock.obj (.text)
                  000c2ce0    00000012     driverlib.lib : gpio.obj (.text:GPIOPinTypeADC)
                  000c2cf2    00000012                   : gpio.obj (.text:GPIOPinTypeEPI)
                  000c2d04    00000012                   : gpio.obj (.text:GPIOPinTypeGPIOInput)
                  000c2d16    00000012                   : gpio.obj (.text:GPIOPinTypePWM)
                  000c2d28    00000012                   : gpio.obj (.text:GPIOPinTypeSSI)
                  000c2d3a    00000012                   : gpio.obj (.text:GPIOPinTypeTimer)
                  000c2d4c    00000012                   : gpio.obj (.text:GPIOPinTypeUART)
                  000c2d5e    00000012                   : pwm.obj (.text:PWMOutputState)
                  000c2d70    00000012                   : ssi.obj (.text:SSIDataGetNonBlocking)
                  000c2d82    00000012                   : timer.obj (.text:TimerLoadSet)
                  000c2d94    00000012                   : timer.obj (.text:TimerMatchSet)
                  000c2da6    00000002     --HOLE-- [fill = 0]
                  000c2da8    00000010                   : fpu.obj (.text:FPUEnable)
                  000c2db8    00000010                   : fpu.obj (.text:FPULazyStackingEnable)
                  000c2dc8    00000010                   : pwm.obj (.text:PWMGenPeriodSet)
                  000c2dd8    00000010                   : sysctl.obj (.text:SysCtlReset)
                  000c2de8    00000010                   : systick.obj (.text:SysTickPeriodSet)
                  000c2df8    0000000e                   : adc.obj (.text:ADCSequenceEnable)
                  000c2e06    0000000e                   : timer.obj (.text:TimerEnable)
                  000c2e14    0000000e     rtsv7M4_T_le_v4SPD16_eabi.lib : copy_decompress_none.obj (.text:decompress:none)
                  000c2e22    0000000c     driverlib.lib : cpu.obj (.text:CPUcpsid)
                  000c2e2e    0000000c                   : cpu.obj (.text:CPUcpsie)
                  000c2e3a    0000000c                   : pwm.obj (.text:PWMGenEnable)
                  000c2e46    0000000c                   : ssi.obj (.text:SSIDataGet)
                  000c2e52    0000000c     rtsv7M4_T_le_v4SPD16_eabi.lib : copy_zero_init.obj (.text:decompress:ZI)
                  000c2e5e    0000000c     tm4c1294ncpdt_startup_ccs.obj (.text)
                  000c2e6a    0000000a     driverlib.lib : adc.obj (.text:ADCIntClear)
                  000c2e74    0000000a                   : interrupt.obj (.text:IntMasterDisable)
                  000c2e7e    0000000a                   : interrupt.obj (.text:IntMasterEnable)
                  000c2e88    0000000a                   : ssi.obj (.text:SSIDataPut)
                  000c2e92    0000000a                   : ssi.obj (.text:SSIEnable)
                  000c2e9c    0000000a                   : timer.obj (.text:TimerIntStatus)
                  000c2ea6    00000008                   : timer.obj (.text:TimerIntEnable)
                  000c2eae    00000006                   : gpio.obj (.text:GPIOPinRead)
                  000c2eb4    00000006                   : gpio.obj (.text:GPIOPinWrite)
                  000c2eba    00000006                   : sysctl.obj (.text:SysCtlDelay)
                  000c2ec0    00000006     rtsv7M4_T_le_v4SPD16_eabi.lib : copy_decompress_rle.obj (.text:decompress:rle24)
                  000c2ec6    00000004     driverlib.lib : epi.obj (.text:EPIAddressMapSet)
                  000c2eca    00000004                   : epi.obj (.text:EPIModeSet)
                  000c2ece    00000004                   : timer.obj (.text:TimerIntClear)
                  000c2ed2    00000004     rtsv7M4_T_le_v4SPD16_eabi.lib : pre_init.obj (.text)

.cinit     0    000c2ed8    00000338     
                  000c2ed8    00000304     (.cinit..data.load) [load image, compression = rle]
                  000c31dc    0000000c     (__TI_handler_table)
                  000c31e8    00000008     (.cinit..bss.load) [load image, compression = zero_init]
                  000c31f0    00000008     (.cinit..vtable.load) [load image, compression = zero_init]
                  000c31f8    00000018     (__TI_cinit_table)

.init_array 
*          0    00000000    00000000     UNINITIALIZED

.vtable    0    20000000    0000026c     UNINITIALIZED
                  20000000    0000026c     driverlib.lib : interrupt.obj (.vtable)

.data      0    2000026c    00000324     UNINITIALIZED
                  2000026c    000002e4     Music.obj (.data:my_music_kanyueliangpashanglai)
                  20000550    00000014     IICaccelermeter.obj (.data)
                  20000564    00000008     TFT_400x240_OTM4001A_16bit.obj (.data)
                  2000056c    00000008     rtsv7M4_T_le_v4SPD16_eabi.lib : _lock.obj (.data)
                  20000574    00000008                                   : exit.obj (.data)
                  2000057c    00000006     IICmiziguan.obj (.data)
                  20000582    00000002     mmc-dk-tm4c129x.obj (.data)
                  20000584    00000005     uartstdio.obj (.data)
                  20000589    00000002     touchTFT.obj (.data)
                  2000058b    00000001     --HOLE--
                  2000058c    00000004     rtsv7M4_T_le_v4SPD16_eabi.lib : stkdepth_vars.obj (.data)

.TI.persistent 
*          0    2000026c    00000000     UNINITIALIZED

.stack     0    20000590    00000200     UNINITIALIZED
                  20000590    00000200     --HOLE--

.bss       0    20000790    000000a3     UNINITIALIZED
                  20000790    00000040     touchTFT.obj (.bss:g_cCmdBuf)
                  200007d0    00000028     touchTFT.obj (.bss:TouchXData)
                  200007f8    00000028     touchTFT.obj (.bss:TouchYData)
                  20000820    00000004     (.common:a)
                  20000824    00000004     (.common:g_ui32SysClock)
                  20000828    00000004     (.common:m)
                  2000082c    00000004     (.common:s)
                  20000830    00000001     (.common:CardType)
                  20000831    00000001     (.common:Timer1)
                  20000832    00000001     (.common:Timer2)

.TI.noinit 
*          0    20000790    00000000     UNINITIALIZED


LINKER GENERATED COPY TABLES

__TI_cinit_table @ 000c31f8 records: 3, size/record: 8, table size: 24
	.data: load addr=000c2ed8, load size=00000304 bytes, run addr=2000026c, run size=00000324 bytes, compression=rle
	.bss: load addr=000c31e8, load size=00000008 bytes, run addr=20000790, run size=000000a3 bytes, compression=zero_init
	.vtable: load addr=000c31f0, load size=00000008 bytes, run addr=20000000, run size=0000026c bytes, compression=zero_init


LINKER GENERATED HANDLER TABLE

__TI_handler_table @ 000c31dc records: 3, size/record: 4, table size: 12
	index: 0, handler: __TI_zero_init
	index: 1, handler: __TI_decompress_rle24
	index: 2, handler: __TI_decompress_none


GLOBAL SYMBOLS: SORTED ALPHABETICALLY BY Name 

address   name                          
-------   ----                          
000c2e6b  ADCIntClear                   
000c2b21  ADCIntStatus                  
000c2c79  ADCProcessorTrigger           
000c2a43  ADCSequenceConfigure          
000c2bbd  ADCSequenceDataGet            
000c2df9  ADCSequenceEnable             
000c24e5  ADCSequenceStepConfigure      
000c1bd3  ADC_Get                       
000c1b8d  ADC_Init                      
000c03c9  BoardTest                     
000c2939  C$$EXIT                       
000c2e23  CPUcpsid                      
000c2e2f  CPUcpsie                      
000bdfcd  Chinese_Show_one              
000c13b9  ConfigureUART                 
000c2ec7  EPIAddressMapSet              
000c2b79  EPIConfigHB16Set              
000c1cdd  EPIGPIOinit                   
000c2ecb  EPIModeSet                    
000c2da9  FPUEnable                     
000c142b  FPUInit                       
000c2db9  FPULazyStackingEnable         
000c2b4f  GPIODirModeSet                
000c1f57  GPIOPadConfigSet              
000c28a9  GPIOPinConfigure              
000c2eaf  GPIOPinRead                   
000c2ce1  GPIOPinTypeADC                
000c2cf3  GPIOPinTypeEPI                
000c2d05  GPIOPinTypeGPIOInput          
000c2c31  GPIOPinTypeGPIOOutput         
000c2d17  GPIOPinTypePWM                
000c2d29  GPIOPinTypeSSI                
000c2d3b  GPIOPinTypeTimer              
000c2d4d  GPIOPinTypeUART               
000c2eb5  GPIOPinWrite                  
000bfb05  I2C0DeviceInit                
000bfaf3  I2C0GPIOBEnable               
000bf4ed  I2C0GPIOBEnable1              
000bfb77  I2C0TubeHighSet               
000bfb53  I2C0TubeLowSet                
000bfb2f  I2C0TubeSelSet                
000bfc9d  I2C0Tubeset                   
000bf827  I2C_GetACK                    
000bee27  I2C_GetACK1                   
000bf7c5  I2C_Initial                   
000bedbd  I2C_Initial1                  
2000057c  I2C_RECV_DATA                 
20000550  I2C_RECV_DATA1                
000bf909  I2C_RxByte                    
000bef21  I2C_RxByte1                   
000bf7d1  I2C_START                     
000bedc9  I2C_START1                    
000bf759  I2C_STOP                      
000bed49  I2C_STOP1                     
000bf887  I2C_SetNAk                    
000bee8f  I2C_SetNAk1                   
000bf72d  I2C_Set_scl_high              
000bed1d  I2C_Set_scl_high1             
000bf743  I2C_Set_scl_low               
000bed33  I2C_Set_scl_low1              
000bf701  I2C_Set_sda_high              
000becf1  I2C_Set_sda_high1             
000bf717  I2C_Set_sda_low               
000bed07  I2C_Set_sda_low1              
000bf89b  I2C_TxByte                    
000beeab  I2C_TxByte1                   
000c15b9  InitAll                       
000bcff9  InitGPIOLCDInterface          
000bf455  Init_ADXL345                  
000bf1a9  Init_Angle                    
000c26b9  IntEnable                     
000c0b6b  IntGPIOb                      
000c2e75  IntMasterDisable              
000c2e7f  IntMasterEnable               
000c2ab9  IntRegister                   
000c1411  InterInit                     
000c1b35  MusicRun                      
000be1a1  Number_Show_one               
000c2b9b  PWMGenConfigure               
000c2e3b  PWMGenEnable                  
000c2dc9  PWMGenPeriodSet               
000c21a1  PWMLEDInit                    
000c2221  PWMLEDRun                     
000c2d5f  PWMOutputState                
000c2bdb  PWMPulseWidthSet              
000c2e5f  ResetISR                      
000c155b  RomInit                       
UNDEFED   SHT$$INIT_ARRAY$$Base         
UNDEFED   SHT$$INIT_ARRAY$$Limit        
000bf10b  SINGLE_read1                  
000c29c1  SSIConfigSetExpClk            
000c2e47  SSIDataGet                    
000c2d71  SSIDataGetNonBlocking         
000c2e89  SSIDataPut                    
000c2e93  SSIEnable                     
000c05a1  SSIinit                       
000bfd3d  ShowNumber                    
000c1227  Show_ClockMenu                
000c12c9  Show_MedicineMenu             
000c1099  Show_MianMenu                 
000c06ef  SoftSPI_GetData               
000c066f  SoftSPI_PutData               
000c0609  SoftSPIinit                   
000c1649  SysCtlClockFreqSet            
000c2089  SysCtlClockGet                
000c2ebb  SysCtlDelay                   
000c2bf9  SysCtlGPIOAHBEnable           
000c2aed  SysCtlPeripheralEnable        
000c2dd9  SysCtlReset                   
000c2c91  SysTickEnable                 
000c23a5  SysTickHandler                
000c2ca5  SysTickIntEnable              
000c2de9  SysTickPeriodSet              
000c13ef  TFTInit                       
000bdc69  TFTLCD_CLEAR                  
000bdabd  TFTLCD_DrawHorizontalLine     
000bdb51  TFTLCD_DrawPoint              
000bdb07  TFTLCD_DrawVerticalLine       
000bd0b7  TFTLCD_EnterSleep             
000bd137  TFTLCD_ExitSleep              
000bdcb9  TFTLCD_FillBlock              
000bd9f1  TFTLCD_REFRESH_GRAM           
000bda05  TFTLCD_SetPos                 
000bdb73  TFTLCD_ShowChar               
000be0fd  TFTLCD_ShowChinese            
000bdd1d  TFTLCD_ShowData               
000bde25  TFTLCD_ShowPicture            
000bdc03  TFTLCD_ShowString             
000c1437  TFTTouchInit                  
000bd1ed  TFT_400x240_OTM4001Ainit      
000c08ed  TOUCH_PointAdjust             
000c08a1  TOUCH_TSC2046init             
000c23ad  Timer0BIntHandler             
000c2719  TimerConfigure                
000c2cb9  TimerDisable                  
000c2e07  TimerEnable                   
000c2ecf  TimerIntClear                 
000c2ea7  TimerIntEnable                
000c1443  TimerIntInitial               
000c2c49  TimerIntRegister              
000c2e9d  TimerIntStatus                
000c2d83  TimerLoadSet                  
000c2d95  TimerMatchSet                 
000c063b  TouchInit                     
200007d0  TouchXData                    
200007f8  TouchYData                    
000c0221  Touch_PressKey                
000c0bbd  UARTStdioConfig               
000c0d35  UARTgetc                      
000c0c6f  UARTgets                      
000c1063  UARTprintf                    
000c0d69  UARTvprintf                   
000c0c1d  UARTwrite                     
20000568  WriteCommand                  
20000564  WriteData                     
000c1ad1  Yifan_Buzzer_Music_Play       
000c19fd  Yifan_Buzzer_Music_Play_init  
000c1a47  Yifan_Buzzer_Quiet            
000c1a69  Yifan_Buzzer_Sound            
20000790  __STACK_END                   
00000200  __STACK_SIZE                  
20000790  __STACK_TOP                   
000c31f8  __TI_CINIT_Base               
000c3210  __TI_CINIT_Limit              
000c31dc  __TI_Handler_Table_Base       
000c31e8  __TI_Handler_Table_Limit      
000c25e1  __TI_auto_init                
20000574  __TI_cleanup_ptr              
000c2e15  __TI_decompress_none          
000c2ec1  __TI_decompress_rle24         
20000578  __TI_dtors_ptr                
00000000  __TI_static_base__            
000c2e53  __TI_zero_init                
000c297d  __aeabi_d2uiz                 
000c184f  __aeabi_dadd                  
000c1e21  __aeabi_ddiv                  
000c22a9  __aeabi_dmul                  
000c1845  __aeabi_dsub                  
000c2a81  __aeabi_f2d                   
000c13b7  __aeabi_idiv0                 
000c2565  __aeabi_memclr                
000c2565  __aeabi_memclr4               
000c2565  __aeabi_memclr8               
000c2449  __aeabi_memcpy                
000c2449  __aeabi_memcpy4               
000c2449  __aeabi_memcpy8               
000c2567  __aeabi_memset                
000c2567  __aeabi_memset4               
000c2567  __aeabi_memset8               
000c2a03  __aeabi_uidiv                 
000c2a03  __aeabi_uidivmod              
ffffffff  __binit__                     
ffffffff  __c_args__                    
20000590  __stack                       
000c2c61  _args_main                    
000c2775  _c_int00                      
000bcba8  _ctypes_                      
2000056c  _lock                         
000c2cdb  _nop                          
000c2cd3  _register_lock                
000c2ccd  _register_unlock              
000c2ed3  _system_pre_init              
20000570  _unlock                       
20000820  a                             
000c293d  abort                         
000bbd88  asc2_1608                     
000bb288  asc3_6432                     
000bc808  asc4_3216                     
000c2811  atoi                          
ffffffff  binit                         
00000208  chinese_one_1616              
000c285d  copy_in                       
000be735  disk_initialize               
000bea95  disk_ioctl                    
000be8f3  disk_read                     
000be8d9  disk_status                   
000bec97  disk_timerproc                
000be9a3  disk_write                    
000bfed1  draw_run                      
000c2945  exit                          
2000058a  fuwei                         
20000000  g_pfnRAMVectors               
00000000  g_pfnVectors                  
20000824  g_ui32SysClock                
000becdb  get_fattime                   
000bfa27  i2c_read                      
000bf04d  i2c_read1                     
000bf97d  i2c_write                     
000bef9d  i2c_write1                    
20000828  m                             
000c23f7  main                          
2000058c  main_func_sp                  
000c2449  memcpy                        
000c256d  memset                        
20000558  mg_zero                       
000c00e9  myCloc1k_Show                 
000c00c1  myCloc1k_Timer                
000bffb1  myCloc1k_run                  
2000026c  my_music_kanyueliangpashanglai
000c147f  power_on                      
20000589  rec_cmd                       
2000082c  s                             
000bfb9b  setnumber                     
000bfcc5  showABCD                      
000bf545  showAcceler                   
000bdf3d  showimage                     
000bfcb1  showvalue                     
000c0781  touch_getx                    
000c0811  touch_gety                    
000bc388  unique_3232                   


GLOBAL SYMBOLS: SORTED BY Symbol Address 

address   name                          
-------   ----                          
00000000  __TI_static_base__            
00000000  g_pfnVectors                  
00000200  __STACK_SIZE                  
00000208  chinese_one_1616              
000bb288  asc3_6432                     
000bbd88  asc2_1608                     
000bc388  unique_3232                   
000bc808  asc4_3216                     
000bcba8  _ctypes_                      
000bcff9  InitGPIOLCDInterface          
000bd0b7  TFTLCD_EnterSleep             
000bd137  TFTLCD_ExitSleep              
000bd1ed  TFT_400x240_OTM4001Ainit      
000bd9f1  TFTLCD_REFRESH_GRAM           
000bda05  TFTLCD_SetPos                 
000bdabd  TFTLCD_DrawHorizontalLine     
000bdb07  TFTLCD_DrawVerticalLine       
000bdb51  TFTLCD_DrawPoint              
000bdb73  TFTLCD_ShowChar               
000bdc03  TFTLCD_ShowString             
000bdc69  TFTLCD_CLEAR                  
000bdcb9  TFTLCD_FillBlock              
000bdd1d  TFTLCD_ShowData               
000bde25  TFTLCD_ShowPicture            
000bdf3d  showimage                     
000bdfcd  Chinese_Show_one              
000be0fd  TFTLCD_ShowChinese            
000be1a1  Number_Show_one               
000be735  disk_initialize               
000be8d9  disk_status                   
000be8f3  disk_read                     
000be9a3  disk_write                    
000bea95  disk_ioctl                    
000bec97  disk_timerproc                
000becdb  get_fattime                   
000becf1  I2C_Set_sda_high1             
000bed07  I2C_Set_sda_low1              
000bed1d  I2C_Set_scl_high1             
000bed33  I2C_Set_scl_low1              
000bed49  I2C_STOP1                     
000bedbd  I2C_Initial1                  
000bedc9  I2C_START1                    
000bee27  I2C_GetACK1                   
000bee8f  I2C_SetNAk1                   
000beeab  I2C_TxByte1                   
000bef21  I2C_RxByte1                   
000bef9d  i2c_write1                    
000bf04d  i2c_read1                     
000bf10b  SINGLE_read1                  
000bf1a9  Init_Angle                    
000bf455  Init_ADXL345                  
000bf4ed  I2C0GPIOBEnable1              
000bf545  showAcceler                   
000bf701  I2C_Set_sda_high              
000bf717  I2C_Set_sda_low               
000bf72d  I2C_Set_scl_high              
000bf743  I2C_Set_scl_low               
000bf759  I2C_STOP                      
000bf7c5  I2C_Initial                   
000bf7d1  I2C_START                     
000bf827  I2C_GetACK                    
000bf887  I2C_SetNAk                    
000bf89b  I2C_TxByte                    
000bf909  I2C_RxByte                    
000bf97d  i2c_write                     
000bfa27  i2c_read                      
000bfaf3  I2C0GPIOBEnable               
000bfb05  I2C0DeviceInit                
000bfb2f  I2C0TubeSelSet                
000bfb53  I2C0TubeLowSet                
000bfb77  I2C0TubeHighSet               
000bfb9b  setnumber                     
000bfc9d  I2C0Tubeset                   
000bfcb1  showvalue                     
000bfcc5  showABCD                      
000bfd3d  ShowNumber                    
000bfed1  draw_run                      
000bffb1  myCloc1k_run                  
000c00c1  myCloc1k_Timer                
000c00e9  myCloc1k_Show                 
000c0221  Touch_PressKey                
000c03c9  BoardTest                     
000c05a1  SSIinit                       
000c0609  SoftSPIinit                   
000c063b  TouchInit                     
000c066f  SoftSPI_PutData               
000c06ef  SoftSPI_GetData               
000c0781  touch_getx                    
000c0811  touch_gety                    
000c08a1  TOUCH_TSC2046init             
000c08ed  TOUCH_PointAdjust             
000c0b6b  IntGPIOb                      
000c0bbd  UARTStdioConfig               
000c0c1d  UARTwrite                     
000c0c6f  UARTgets                      
000c0d35  UARTgetc                      
000c0d69  UARTvprintf                   
000c1063  UARTprintf                    
000c1099  Show_MianMenu                 
000c1227  Show_ClockMenu                
000c12c9  Show_MedicineMenu             
000c13b7  __aeabi_idiv0                 
000c13b9  ConfigureUART                 
000c13ef  TFTInit                       
000c1411  InterInit                     
000c142b  FPUInit                       
000c1437  TFTTouchInit                  
000c1443  TimerIntInitial               
000c147f  power_on                      
000c155b  RomInit                       
000c15b9  InitAll                       
000c1649  SysCtlClockFreqSet            
000c1845  __aeabi_dsub                  
000c184f  __aeabi_dadd                  
000c19fd  Yifan_Buzzer_Music_Play_init  
000c1a47  Yifan_Buzzer_Quiet            
000c1a69  Yifan_Buzzer_Sound            
000c1ad1  Yifan_Buzzer_Music_Play       
000c1b35  MusicRun                      
000c1b8d  ADC_Init                      
000c1bd3  ADC_Get                       
000c1cdd  EPIGPIOinit                   
000c1e21  __aeabi_ddiv                  
000c1f57  GPIOPadConfigSet              
000c2089  SysCtlClockGet                
000c21a1  PWMLEDInit                    
000c2221  PWMLEDRun                     
000c22a9  __aeabi_dmul                  
000c23a5  SysTickHandler                
000c23ad  Timer0BIntHandler             
000c23f7  main                          
000c2449  __aeabi_memcpy                
000c2449  __aeabi_memcpy4               
000c2449  __aeabi_memcpy8               
000c2449  memcpy                        
000c24e5  ADCSequenceStepConfigure      
000c2565  __aeabi_memclr                
000c2565  __aeabi_memclr4               
000c2565  __aeabi_memclr8               
000c2567  __aeabi_memset                
000c2567  __aeabi_memset4               
000c2567  __aeabi_memset8               
000c256d  memset                        
000c25e1  __TI_auto_init                
000c26b9  IntEnable                     
000c2719  TimerConfigure                
000c2775  _c_int00                      
000c2811  atoi                          
000c285d  copy_in                       
000c28a9  GPIOPinConfigure              
000c2939  C$$EXIT                       
000c293d  abort                         
000c2945  exit                          
000c297d  __aeabi_d2uiz                 
000c29c1  SSIConfigSetExpClk            
000c2a03  __aeabi_uidiv                 
000c2a03  __aeabi_uidivmod              
000c2a43  ADCSequenceConfigure          
000c2a81  __aeabi_f2d                   
000c2ab9  IntRegister                   
000c2aed  SysCtlPeripheralEnable        
000c2b21  ADCIntStatus                  
000c2b4f  GPIODirModeSet                
000c2b79  EPIConfigHB16Set              
000c2b9b  PWMGenConfigure               
000c2bbd  ADCSequenceDataGet            
000c2bdb  PWMPulseWidthSet              
000c2bf9  SysCtlGPIOAHBEnable           
000c2c31  GPIOPinTypeGPIOOutput         
000c2c49  TimerIntRegister              
000c2c61  _args_main                    
000c2c79  ADCProcessorTrigger           
000c2c91  SysTickEnable                 
000c2ca5  SysTickIntEnable              
000c2cb9  TimerDisable                  
000c2ccd  _register_unlock              
000c2cd3  _register_lock                
000c2cdb  _nop                          
000c2ce1  GPIOPinTypeADC                
000c2cf3  GPIOPinTypeEPI                
000c2d05  GPIOPinTypeGPIOInput          
000c2d17  GPIOPinTypePWM                
000c2d29  GPIOPinTypeSSI                
000c2d3b  GPIOPinTypeTimer              
000c2d4d  GPIOPinTypeUART               
000c2d5f  PWMOutputState                
000c2d71  SSIDataGetNonBlocking         
000c2d83  TimerLoadSet                  
000c2d95  TimerMatchSet                 
000c2da9  FPUEnable                     
000c2db9  FPULazyStackingEnable         
000c2dc9  PWMGenPeriodSet               
000c2dd9  SysCtlReset                   
000c2de9  SysTickPeriodSet              
000c2df9  ADCSequenceEnable             
000c2e07  TimerEnable                   
000c2e15  __TI_decompress_none          
000c2e23  CPUcpsid                      
000c2e2f  CPUcpsie                      
000c2e3b  PWMGenEnable                  
000c2e47  SSIDataGet                    
000c2e53  __TI_zero_init                
000c2e5f  ResetISR                      
000c2e6b  ADCIntClear                   
000c2e75  IntMasterDisable              
000c2e7f  IntMasterEnable               
000c2e89  SSIDataPut                    
000c2e93  SSIEnable                     
000c2e9d  TimerIntStatus                
000c2ea7  TimerIntEnable                
000c2eaf  GPIOPinRead                   
000c2eb5  GPIOPinWrite                  
000c2ebb  SysCtlDelay                   
000c2ec1  __TI_decompress_rle24         
000c2ec7  EPIAddressMapSet              
000c2ecb  EPIModeSet                    
000c2ecf  TimerIntClear                 
000c2ed3  _system_pre_init              
000c31dc  __TI_Handler_Table_Base       
000c31e8  __TI_Handler_Table_Limit      
000c31f8  __TI_CINIT_Base               
000c3210  __TI_CINIT_Limit              
20000000  g_pfnRAMVectors               
2000026c  my_music_kanyueliangpashanglai
20000550  I2C_RECV_DATA1                
20000558  mg_zero                       
20000564  WriteData                     
20000568  WriteCommand                  
2000056c  _lock                         
20000570  _unlock                       
20000574  __TI_cleanup_ptr              
20000578  __TI_dtors_ptr                
2000057c  I2C_RECV_DATA                 
20000589  rec_cmd                       
2000058a  fuwei                         
2000058c  main_func_sp                  
20000590  __stack                       
20000790  __STACK_END                   
20000790  __STACK_TOP                   
200007d0  TouchXData                    
200007f8  TouchYData                    
20000820  a                             
20000824  g_ui32SysClock                
20000828  m                             
2000082c  s                             
ffffffff  __binit__                     
ffffffff  __c_args__                    
ffffffff  binit                         
UNDEFED   SHT$$INIT_ARRAY$$Base         
UNDEFED   SHT$$INIT_ARRAY$$Limit        

[250 symbols]
