<?xml version="1.0"?>
<link_info>
   <banner>TI ARM Linker PC v5.2.5</banner>
   <copyright>Copyright (c) 1996-2015 Texas Instruments Incorporated</copyright>
   <link_time>0x63a278de</link_time>
   <link_errors>0x0</link_errors>
   <output_file>Copy of sd_card_1294_new.out</output_file>
   <entry_point>
      <name>_c_int00</name>
      <address>0xc2775</address>
   </entry_point>
   <input_file_list>
      <input_file id="fl-2">
         <path>.\</path>
         <kind>object</kind>
         <file>Button.obj</file>
         <name>Button.obj</name>
      </input_file>
      <input_file id="fl-3">
         <path>.\</path>
         <kind>object</kind>
         <file>IICaccelermeter.obj</file>
         <name>IICaccelermeter.obj</name>
      </input_file>
      <input_file id="fl-4">
         <path>.\</path>
         <kind>object</kind>
         <file>IICmiziguan.obj</file>
         <name>IICmiziguan.obj</name>
      </input_file>
      <input_file id="fl-5">
         <path>.\</path>
         <kind>object</kind>
         <file>IR.obj</file>
         <name>IR.obj</name>
      </input_file>
      <input_file id="fl-6">
         <path>.\</path>
         <kind>object</kind>
         <file>Init.obj</file>
         <name>Init.obj</name>
      </input_file>
      <input_file id="fl-7">
         <path>.\</path>
         <kind>object</kind>
         <file>Music.obj</file>
         <name>Music.obj</name>
      </input_file>
      <input_file id="fl-8">
         <path>.\</path>
         <kind>object</kind>
         <file>PWMbreathingLED.obj</file>
         <name>PWMbreathingLED.obj</name>
      </input_file>
      <input_file id="fl-9">
         <path>.\</path>
         <kind>object</kind>
         <file>adcTest.obj</file>
         <name>adcTest.obj</name>
      </input_file>
      <input_file id="fl-a">
         <path>.\</path>
         <kind>object</kind>
         <file>beepMP3.obj</file>
         <name>beepMP3.obj</name>
      </input_file>
      <input_file id="fl-b">
         <path>.\</path>
         <kind>object</kind>
         <file>ds18b20.obj</file>
         <name>ds18b20.obj</name>
      </input_file>
      <input_file id="fl-c">
         <path>.\</path>
         <kind>object</kind>
         <file>led.obj</file>
         <name>led.obj</name>
      </input_file>
      <input_file id="fl-d">
         <path>.\</path>
         <kind>object</kind>
         <file>sd_card_1294.obj</file>
         <name>sd_card_1294.obj</name>
      </input_file>
      <input_file id="fl-e">
         <path>.\</path>
         <kind>object</kind>
         <file>sdzimo.obj</file>
         <name>sdzimo.obj</name>
      </input_file>
      <input_file id="fl-f">
         <path>.\</path>
         <kind>object</kind>
         <file>tm4c1294ncpdt_startup_ccs.obj</file>
         <name>tm4c1294ncpdt_startup_ccs.obj</name>
      </input_file>
      <input_file id="fl-10">
         <path>.\</path>
         <kind>object</kind>
         <file>touchTFT.obj</file>
         <name>touchTFT.obj</name>
      </input_file>
      <input_file id="fl-11">
         <path>.\</path>
         <kind>object</kind>
         <file>ui.obj</file>
         <name>ui.obj</name>
      </input_file>
      <input_file id="fl-12">
         <path>.\EPIinit\</path>
         <kind>object</kind>
         <file>EPIinit.obj</file>
         <name>EPIinit.obj</name>
      </input_file>
      <input_file id="fl-13">
         <path>.\TFTinit\</path>
         <kind>object</kind>
         <file>TFT_400x240_OTM4001A_16bit.obj</file>
         <name>TFT_400x240_OTM4001A_16bit.obj</name>
      </input_file>
      <input_file id="fl-14">
         <path>.\TOUCHinit\</path>
         <kind>object</kind>
         <file>TOUCH_TSC2046.obj</file>
         <name>TOUCH_TSC2046.obj</name>
      </input_file>
      <input_file id="fl-15">
         <path>.\third_party\fatfs\port\</path>
         <kind>object</kind>
         <file>mmc-dk-tm4c129x.obj</file>
         <name>mmc-dk-tm4c129x.obj</name>
      </input_file>
      <input_file id="fl-16">
         <path>.\third_party\fatfs\src\</path>
         <kind>object</kind>
         <file>ff.obj</file>
         <name>ff.obj</name>
      </input_file>
      <input_file id="fl-17">
         <path>.\utils\</path>
         <kind>object</kind>
         <file>cmdline.obj</file>
         <name>cmdline.obj</name>
      </input_file>
      <input_file id="fl-18">
         <path>.\utils\</path>
         <kind>object</kind>
         <file>uartstdio.obj</file>
         <name>uartstdio.obj</name>
      </input_file>
      <input_file id="fl-13f">
         <path>C:\ti\ccsv6\tools\compiler\ti-cgt-arm_5.2.5\lib\</path>
         <kind>archive</kind>
         <file>rtsv7M4_T_le_v4SPD16_eabi.lib</file>
         <name>_lock.obj</name>
      </input_file>
      <input_file id="fl-140">
         <path>C:\ti\ccsv6\tools\compiler\ti-cgt-arm_5.2.5\lib\</path>
         <kind>archive</kind>
         <file>rtsv7M4_T_le_v4SPD16_eabi.lib</file>
         <name>atoi.obj</name>
      </input_file>
      <input_file id="fl-141">
         <path>C:\ti\ccsv6\tools\compiler\ti-cgt-arm_5.2.5\lib\</path>
         <kind>archive</kind>
         <file>rtsv7M4_T_le_v4SPD16_eabi.lib</file>
         <name>boot.obj</name>
      </input_file>
      <input_file id="fl-142">
         <path>C:\ti\ccsv6\tools\compiler\ti-cgt-arm_5.2.5\lib\</path>
         <kind>archive</kind>
         <file>rtsv7M4_T_le_v4SPD16_eabi.lib</file>
         <name>copy_decompress_none.obj</name>
      </input_file>
      <input_file id="fl-143">
         <path>C:\ti\ccsv6\tools\compiler\ti-cgt-arm_5.2.5\lib\</path>
         <kind>archive</kind>
         <file>rtsv7M4_T_le_v4SPD16_eabi.lib</file>
         <name>copy_decompress_rle.obj</name>
      </input_file>
      <input_file id="fl-144">
         <path>C:\ti\ccsv6\tools\compiler\ti-cgt-arm_5.2.5\lib\</path>
         <kind>archive</kind>
         <file>rtsv7M4_T_le_v4SPD16_eabi.lib</file>
         <name>copy_zero_init.obj</name>
      </input_file>
      <input_file id="fl-145">
         <path>C:\ti\ccsv6\tools\compiler\ti-cgt-arm_5.2.5\lib\</path>
         <kind>archive</kind>
         <file>rtsv7M4_T_le_v4SPD16_eabi.lib</file>
         <name>ctype.obj</name>
      </input_file>
      <input_file id="fl-146">
         <path>C:\ti\ccsv6\tools\compiler\ti-cgt-arm_5.2.5\lib\</path>
         <kind>archive</kind>
         <file>rtsv7M4_T_le_v4SPD16_eabi.lib</file>
         <name>exit.obj</name>
      </input_file>
      <input_file id="fl-147">
         <path>C:\ti\ccsv6\tools\compiler\ti-cgt-arm_5.2.5\lib\</path>
         <kind>archive</kind>
         <file>rtsv7M4_T_le_v4SPD16_eabi.lib</file>
         <name>fd_add_t2.obj</name>
      </input_file>
      <input_file id="fl-148">
         <path>C:\ti\ccsv6\tools\compiler\ti-cgt-arm_5.2.5\lib\</path>
         <kind>archive</kind>
         <file>rtsv7M4_T_le_v4SPD16_eabi.lib</file>
         <name>fd_div_t2.obj</name>
      </input_file>
      <input_file id="fl-149">
         <path>C:\ti\ccsv6\tools\compiler\ti-cgt-arm_5.2.5\lib\</path>
         <kind>archive</kind>
         <file>rtsv7M4_T_le_v4SPD16_eabi.lib</file>
         <name>fd_mul_t2.obj</name>
      </input_file>
      <input_file id="fl-14a">
         <path>C:\ti\ccsv6\tools\compiler\ti-cgt-arm_5.2.5\lib\</path>
         <kind>archive</kind>
         <file>rtsv7M4_T_le_v4SPD16_eabi.lib</file>
         <name>fd_tos_t2.obj</name>
      </input_file>
      <input_file id="fl-14b">
         <path>C:\ti\ccsv6\tools\compiler\ti-cgt-arm_5.2.5\lib\</path>
         <kind>archive</kind>
         <file>rtsv7M4_T_le_v4SPD16_eabi.lib</file>
         <name>fd_tou_t2.obj</name>
      </input_file>
      <input_file id="fl-14c">
         <path>C:\ti\ccsv6\tools\compiler\ti-cgt-arm_5.2.5\lib\</path>
         <kind>archive</kind>
         <file>rtsv7M4_T_le_v4SPD16_eabi.lib</file>
         <name>fs_tod_t2.obj</name>
      </input_file>
      <input_file id="fl-14d">
         <path>C:\ti\ccsv6\tools\compiler\ti-cgt-arm_5.2.5\lib\</path>
         <kind>archive</kind>
         <file>rtsv7M4_T_le_v4SPD16_eabi.lib</file>
         <name>memcpy_t2.obj</name>
      </input_file>
      <input_file id="fl-14e">
         <path>C:\ti\ccsv6\tools\compiler\ti-cgt-arm_5.2.5\lib\</path>
         <kind>archive</kind>
         <file>rtsv7M4_T_le_v4SPD16_eabi.lib</file>
         <name>memset_t2.obj</name>
      </input_file>
      <input_file id="fl-14f">
         <path>C:\ti\ccsv6\tools\compiler\ti-cgt-arm_5.2.5\lib\</path>
         <kind>archive</kind>
         <file>rtsv7M4_T_le_v4SPD16_eabi.lib</file>
         <name>pre_init.obj</name>
      </input_file>
      <input_file id="fl-150">
         <path>C:\ti\ccsv6\tools\compiler\ti-cgt-arm_5.2.5\lib\</path>
         <kind>archive</kind>
         <file>rtsv7M4_T_le_v4SPD16_eabi.lib</file>
         <name>stkdepth_vars.obj</name>
      </input_file>
      <input_file id="fl-151">
         <path>C:\ti\ccsv6\tools\compiler\ti-cgt-arm_5.2.5\lib\</path>
         <kind>archive</kind>
         <file>rtsv7M4_T_le_v4SPD16_eabi.lib</file>
         <name>strcmp.obj</name>
      </input_file>
      <input_file id="fl-152">
         <path>C:\ti\ccsv6\tools\compiler\ti-cgt-arm_5.2.5\lib\</path>
         <kind>archive</kind>
         <file>rtsv7M4_T_le_v4SPD16_eabi.lib</file>
         <name>u_divt2.obj</name>
      </input_file>
      <input_file id="fl-153">
         <path>C:\ti\ccsv6\tools\compiler\ti-cgt-arm_5.2.5\lib\</path>
         <kind>archive</kind>
         <file>rtsv7M4_T_le_v4SPD16_eabi.lib</file>
         <name>u_tofd_t2.obj</name>
      </input_file>
      <input_file id="fl-154">
         <path>C:\ti\ccsv6\tools\compiler\ti-cgt-arm_5.2.5\lib\</path>
         <kind>archive</kind>
         <file>rtsv7M4_T_le_v4SPD16_eabi.lib</file>
         <name>args_main.obj</name>
      </input_file>
      <input_file id="fl-155">
         <path>C:\ti\ccsv6\tools\compiler\ti-cgt-arm_5.2.5\lib\</path>
         <kind>archive</kind>
         <file>rtsv7M4_T_le_v4SPD16_eabi.lib</file>
         <name>autoinit.obj</name>
      </input_file>
      <input_file id="fl-156">
         <path>C:\ti\ccsv6\tools\compiler\ti-cgt-arm_5.2.5\lib\</path>
         <kind>archive</kind>
         <file>rtsv7M4_T_le_v4SPD16_eabi.lib</file>
         <name>cpy_tbl.obj</name>
      </input_file>
      <input_file id="fl-157">
         <path>C:\ti\ccsv6\tools\compiler\ti-cgt-arm_5.2.5\lib\</path>
         <kind>archive</kind>
         <file>rtsv7M4_T_le_v4SPD16_eabi.lib</file>
         <name>i_div0.obj</name>
      </input_file>
      <input_file id="fl-158">
         <path>C:\ti\TivaWare_C_Series-2.1.0.12573\driverlib\ccs\Debug\</path>
         <kind>archive</kind>
         <file>driverlib.lib</file>
         <name>timer.obj</name>
      </input_file>
      <input_file id="fl-159">
         <path>C:\ti\TivaWare_C_Series-2.1.0.12573\driverlib\ccs\Debug\</path>
         <kind>archive</kind>
         <file>driverlib.lib</file>
         <name>systick.obj</name>
      </input_file>
      <input_file id="fl-15a">
         <path>C:\ti\TivaWare_C_Series-2.1.0.12573\driverlib\ccs\Debug\</path>
         <kind>archive</kind>
         <file>driverlib.lib</file>
         <name>sysctl.obj</name>
      </input_file>
      <input_file id="fl-15b">
         <path>C:\ti\TivaWare_C_Series-2.1.0.12573\driverlib\ccs\Debug\</path>
         <kind>archive</kind>
         <file>driverlib.lib</file>
         <name>ssi.obj</name>
      </input_file>
      <input_file id="fl-15c">
         <path>C:\ti\TivaWare_C_Series-2.1.0.12573\driverlib\ccs\Debug\</path>
         <kind>archive</kind>
         <file>driverlib.lib</file>
         <name>pwm.obj</name>
      </input_file>
      <input_file id="fl-15d">
         <path>C:\ti\TivaWare_C_Series-2.1.0.12573\driverlib\ccs\Debug\</path>
         <kind>archive</kind>
         <file>driverlib.lib</file>
         <name>interrupt.obj</name>
      </input_file>
      <input_file id="fl-15e">
         <path>C:\ti\TivaWare_C_Series-2.1.0.12573\driverlib\ccs\Debug\</path>
         <kind>archive</kind>
         <file>driverlib.lib</file>
         <name>gpio.obj</name>
      </input_file>
      <input_file id="fl-15f">
         <path>C:\ti\TivaWare_C_Series-2.1.0.12573\driverlib\ccs\Debug\</path>
         <kind>archive</kind>
         <file>driverlib.lib</file>
         <name>fpu.obj</name>
      </input_file>
      <input_file id="fl-160">
         <path>C:\ti\TivaWare_C_Series-2.1.0.12573\driverlib\ccs\Debug\</path>
         <kind>archive</kind>
         <file>driverlib.lib</file>
         <name>epi.obj</name>
      </input_file>
      <input_file id="fl-161">
         <path>C:\ti\TivaWare_C_Series-2.1.0.12573\driverlib\ccs\Debug\</path>
         <kind>archive</kind>
         <file>driverlib.lib</file>
         <name>cpu.obj</name>
      </input_file>
      <input_file id="fl-162">
         <path>C:\ti\TivaWare_C_Series-2.1.0.12573\driverlib\ccs\Debug\</path>
         <kind>archive</kind>
         <file>driverlib.lib</file>
         <name>adc.obj</name>
      </input_file>
   </input_file_list>
   <object_component_list>
      <object_component id="oc-f">
         <name>.intvecs</name>
         <load_address>0x0</load_address>
         <run_address>0x0</run_address>
         <size>0x208</size>
         <input_file_ref idref="fl-f"/>
      </object_component>
      <object_component id="oc-14c">
         <name>.text</name>
         <load_address>0xbcf6c</load_address>
         <run_address>0xbcf6c</run_address>
         <size>0x1360</size>
         <input_file_ref idref="fl-13"/>
      </object_component>
      <object_component id="oc-7b">
         <name>.text</name>
         <load_address>0xbe2cc</load_address>
         <run_address>0xbe2cc</run_address>
         <size>0xa24</size>
         <input_file_ref idref="fl-15"/>
      </object_component>
      <object_component id="oc-183">
         <name>.text</name>
         <load_address>0xbecf0</load_address>
         <run_address>0xbecf0</run_address>
         <size>0xa10</size>
         <input_file_ref idref="fl-3"/>
      </object_component>
      <object_component id="oc-c3">
         <name>.text</name>
         <load_address>0xbf700</load_address>
         <run_address>0xbf700</run_address>
         <size>0x7d0</size>
         <input_file_ref idref="fl-4"/>
      </object_component>
      <object_component id="oc-8d">
         <name>.text</name>
         <load_address>0xbfed0</load_address>
         <run_address>0xbfed0</run_address>
         <size>0x6d0</size>
         <input_file_ref idref="fl-10"/>
      </object_component>
      <object_component id="oc-146">
         <name>.text</name>
         <load_address>0xc05a0</load_address>
         <run_address>0xc05a0</run_address>
         <size>0x61c</size>
         <input_file_ref idref="fl-14"/>
      </object_component>
      <object_component id="oc-16b">
         <name>.text</name>
         <load_address>0xc0bbc</load_address>
         <run_address>0xc0bbc</run_address>
         <size>0x4dc</size>
         <input_file_ref idref="fl-18"/>
      </object_component>
      <object_component id="oc-c9">
         <name>.text</name>
         <load_address>0xc1098</load_address>
         <run_address>0xc1098</run_address>
         <size>0x31e</size>
         <input_file_ref idref="fl-11"/>
      </object_component>
      <object_component id="oc-3de">
         <name>.text</name>
         <load_address>0xc13b6</load_address>
         <run_address>0xc13b6</run_address>
         <size>0x2</size>
         <input_file_ref idref="fl-157"/>
      </object_component>
      <object_component id="oc-ab">
         <name>.text</name>
         <load_address>0xc13b8</load_address>
         <run_address>0xc13b8</run_address>
         <size>0x290</size>
         <input_file_ref idref="fl-6"/>
      </object_component>
      <object_component id="oc-b1">
         <name>.text:SysCtlClockFreqSet</name>
         <load_address>0xc1648</load_address>
         <run_address>0xc1648</run_address>
         <size>0x1fc</size>
         <input_file_ref idref="fl-15a"/>
      </object_component>
      <object_component id="oc-268">
         <name>.text</name>
         <load_address>0xc1844</load_address>
         <run_address>0xc1844</run_address>
         <size>0x1b6</size>
         <input_file_ref idref="fl-147"/>
      </object_component>
      <object_component id="oc-17d">
         <name>.text</name>
         <load_address>0xc19fc</load_address>
         <run_address>0xc19fc</run_address>
         <size>0x190</size>
         <input_file_ref idref="fl-a"/>
      </object_component>
      <object_component id="oc-cf">
         <name>.text</name>
         <load_address>0xc1b8c</load_address>
         <run_address>0xc1b8c</run_address>
         <size>0x150</size>
         <input_file_ref idref="fl-9"/>
      </object_component>
      <object_component id="oc-1a6">
         <name>.text</name>
         <load_address>0xc1cdc</load_address>
         <run_address>0xc1cdc</run_address>
         <size>0x144</size>
         <input_file_ref idref="fl-12"/>
      </object_component>
      <object_component id="oc-263">
         <name>.text</name>
         <load_address>0xc1e20</load_address>
         <run_address>0xc1e20</run_address>
         <size>0x136</size>
         <input_file_ref idref="fl-148"/>
      </object_component>
      <object_component id="oc-113">
         <name>.text:GPIOPadConfigSet</name>
         <load_address>0xc1f56</load_address>
         <run_address>0xc1f56</run_address>
         <size>0x130</size>
         <input_file_ref idref="fl-15e"/>
      </object_component>
      <object_component id="oc-99">
         <name>.text:SysCtlClockGet</name>
         <load_address>0xc2088</load_address>
         <run_address>0xc2088</run_address>
         <size>0x118</size>
         <input_file_ref idref="fl-15a"/>
      </object_component>
      <object_component id="oc-177">
         <name>.text</name>
         <load_address>0xc21a0</load_address>
         <run_address>0xc21a0</run_address>
         <size>0x108</size>
         <input_file_ref idref="fl-8"/>
      </object_component>
      <object_component id="oc-25e">
         <name>.text</name>
         <load_address>0xc22a8</load_address>
         <run_address>0xc22a8</run_address>
         <size>0xfc</size>
         <input_file_ref idref="fl-149"/>
      </object_component>
      <object_component id="oc-30">
         <name>.text</name>
         <load_address>0xc23a4</load_address>
         <run_address>0xc23a4</run_address>
         <size>0xa4</size>
         <input_file_ref idref="fl-d"/>
      </object_component>
      <object_component id="oc-39">
         <name>.text</name>
         <load_address>0xc2448</load_address>
         <run_address>0xc2448</run_address>
         <size>0x9c</size>
         <input_file_ref idref="fl-14d"/>
      </object_component>
      <object_component id="oc-235">
         <name>.text:ADCSequenceStepConfigure</name>
         <load_address>0xc24e4</load_address>
         <run_address>0xc24e4</run_address>
         <size>0x80</size>
         <input_file_ref idref="fl-162"/>
      </object_component>
      <object_component id="oc-52">
         <name>.text</name>
         <load_address>0xc2564</load_address>
         <run_address>0xc2564</run_address>
         <size>0x7a</size>
         <input_file_ref idref="fl-14e"/>
      </object_component>
      <object_component id="oc-64">
         <name>.text</name>
         <load_address>0xc25e0</load_address>
         <run_address>0xc25e0</run_address>
         <size>0x6c</size>
         <input_file_ref idref="fl-155"/>
      </object_component>
      <object_component id="oc-45">
         <name>.text</name>
         <load_address>0xc264c</load_address>
         <run_address>0xc264c</run_address>
         <size>0x6a</size>
         <input_file_ref idref="fl-143"/>
      </object_component>
      <object_component id="oc-bd">
         <name>.text:IntEnable</name>
         <load_address>0xc26b8</load_address>
         <run_address>0xc26b8</run_address>
         <size>0x60</size>
         <input_file_ref idref="fl-15d"/>
      </object_component>
      <object_component id="oc-1d6">
         <name>.text:TimerConfigure</name>
         <load_address>0xc2718</load_address>
         <run_address>0xc2718</run_address>
         <size>0x5c</size>
         <input_file_ref idref="fl-158"/>
      </object_component>
      <object_component id="oc-24">
         <name>.text</name>
         <load_address>0xc2774</load_address>
         <run_address>0xc2774</run_address>
         <size>0x50</size>
         <input_file_ref idref="fl-141"/>
      </object_component>
      <object_component id="oc-374">
         <name>.text:_TimerIntNumberGet</name>
         <load_address>0xc27c4</load_address>
         <run_address>0xc27c4</run_address>
         <size>0x4c</size>
         <input_file_ref idref="fl-158"/>
      </object_component>
      <object_component id="oc-171">
         <name>.text</name>
         <load_address>0xc2810</load_address>
         <run_address>0xc2810</run_address>
         <size>0x4c</size>
         <input_file_ref idref="fl-140"/>
      </object_component>
      <object_component id="oc-fe">
         <name>.text</name>
         <load_address>0xc285c</load_address>
         <run_address>0xc285c</run_address>
         <size>0x4c</size>
         <input_file_ref idref="fl-156"/>
      </object_component>
      <object_component id="oc-19a">
         <name>.text:GPIOPinConfigure</name>
         <load_address>0xc28a8</load_address>
         <run_address>0xc28a8</run_address>
         <size>0x48</size>
         <input_file_ref idref="fl-15e"/>
      </object_component>
      <object_component id="oc-1ef">
         <name>.text:_SysCtlFrequencyGet</name>
         <load_address>0xc28f0</load_address>
         <run_address>0xc28f0</run_address>
         <size>0x48</size>
         <input_file_ref idref="fl-15a"/>
      </object_component>
      <object_component id="oc-70">
         <name>.text</name>
         <load_address>0xc2938</load_address>
         <run_address>0xc2938</run_address>
         <size>0x44</size>
         <input_file_ref idref="fl-146"/>
      </object_component>
      <object_component id="oc-26d">
         <name>.text</name>
         <load_address>0xc297c</load_address>
         <run_address>0xc297c</run_address>
         <size>0x44</size>
         <input_file_ref idref="fl-14b"/>
      </object_component>
      <object_component id="oc-2ad">
         <name>.text:SSIConfigSetExpClk</name>
         <load_address>0xc29c0</load_address>
         <run_address>0xc29c0</run_address>
         <size>0x42</size>
         <input_file_ref idref="fl-15b"/>
      </object_component>
      <object_component id="oc-2f2">
         <name>.text</name>
         <load_address>0xc2a02</load_address>
         <run_address>0xc2a02</run_address>
         <size>0x40</size>
         <input_file_ref idref="fl-152"/>
      </object_component>
      <object_component id="oc-22f">
         <name>.text:ADCSequenceConfigure</name>
         <load_address>0xc2a42</load_address>
         <run_address>0xc2a42</run_address>
         <size>0x3e</size>
         <input_file_ref idref="fl-162"/>
      </object_component>
      <object_component id="oc-259">
         <name>.text</name>
         <load_address>0xc2a80</load_address>
         <run_address>0xc2a80</run_address>
         <size>0x38</size>
         <input_file_ref idref="fl-14c"/>
      </object_component>
      <object_component id="oc-37a">
         <name>.text:IntRegister</name>
         <load_address>0xc2ab8</load_address>
         <run_address>0xc2ab8</run_address>
         <size>0x34</size>
         <input_file_ref idref="fl-15d"/>
      </object_component>
      <object_component id="oc-194">
         <name>.text:SysCtlPeripheralEnable</name>
         <load_address>0xc2aec</load_address>
         <run_address>0xc2aec</run_address>
         <size>0x34</size>
         <input_file_ref idref="fl-15a"/>
      </object_component>
      <object_component id="oc-24d">
         <name>.text:ADCIntStatus</name>
         <load_address>0xc2b20</load_address>
         <run_address>0xc2b20</run_address>
         <size>0x2e</size>
         <input_file_ref idref="fl-162"/>
      </object_component>
      <object_component id="oc-32f">
         <name>.text:GPIODirModeSet</name>
         <load_address>0xc2b4e</load_address>
         <run_address>0xc2b4e</run_address>
         <size>0x2a</size>
         <input_file_ref idref="fl-15e"/>
      </object_component>
      <object_component id="oc-35e">
         <name>.text:EPIConfigHB16Set</name>
         <load_address>0xc2b78</load_address>
         <run_address>0xc2b78</run_address>
         <size>0x22</size>
         <input_file_ref idref="fl-160"/>
      </object_component>
      <object_component id="oc-309">
         <name>.text:PWMGenConfigure</name>
         <load_address>0xc2b9a</load_address>
         <run_address>0xc2b9a</run_address>
         <size>0x22</size>
         <input_file_ref idref="fl-15c"/>
      </object_component>
      <object_component id="oc-253">
         <name>.text:ADCSequenceDataGet</name>
         <load_address>0xc2bbc</load_address>
         <run_address>0xc2bbc</run_address>
         <size>0x1e</size>
         <input_file_ref idref="fl-162"/>
      </object_component>
      <object_component id="oc-321">
         <name>.text:PWMPulseWidthSet</name>
         <load_address>0xc2bda</load_address>
         <run_address>0xc2bda</run_address>
         <size>0x1e</size>
         <input_file_ref idref="fl-15c"/>
      </object_component>
      <object_component id="oc-2c2">
         <name>.text:SysCtlGPIOAHBEnable</name>
         <load_address>0xc2bf8</load_address>
         <run_address>0xc2bf8</run_address>
         <size>0x1c</size>
         <input_file_ref idref="fl-15a"/>
      </object_component>
      <object_component id="oc-1e9">
         <name>.text:_SysCtlMemTimingGet</name>
         <load_address>0xc2c14</load_address>
         <run_address>0xc2c14</run_address>
         <size>0x1c</size>
         <input_file_ref idref="fl-15a"/>
      </object_component>
      <object_component id="oc-1ac">
         <name>.text:GPIOPinTypeGPIOOutput</name>
         <load_address>0xc2c30</load_address>
         <run_address>0xc2c30</run_address>
         <size>0x18</size>
         <input_file_ref idref="fl-15e"/>
      </object_component>
      <object_component id="oc-1dc">
         <name>.text:TimerIntRegister</name>
         <load_address>0xc2c48</load_address>
         <run_address>0xc2c48</run_address>
         <size>0x18</size>
         <input_file_ref idref="fl-158"/>
      </object_component>
      <object_component id="oc-6a">
         <name>.text</name>
         <load_address>0xc2c60</load_address>
         <run_address>0xc2c60</run_address>
         <size>0x18</size>
         <input_file_ref idref="fl-154"/>
      </object_component>
      <object_component id="oc-247">
         <name>.text:ADCProcessorTrigger</name>
         <load_address>0xc2c78</load_address>
         <run_address>0xc2c78</run_address>
         <size>0x16</size>
         <input_file_ref idref="fl-162"/>
      </object_component>
      <object_component id="oc-1c4">
         <name>.text:SysTickEnable</name>
         <load_address>0xc2c90</load_address>
         <run_address>0xc2c90</run_address>
         <size>0x14</size>
         <input_file_ref idref="fl-159"/>
      </object_component>
      <object_component id="oc-1be">
         <name>.text:SysTickIntEnable</name>
         <load_address>0xc2ca4</load_address>
         <run_address>0xc2ca4</run_address>
         <size>0x14</size>
         <input_file_ref idref="fl-159"/>
      </object_component>
      <object_component id="oc-81">
         <name>.text:TimerDisable</name>
         <load_address>0xc2cb8</load_address>
         <run_address>0xc2cb8</run_address>
         <size>0x14</size>
         <input_file_ref idref="fl-158"/>
      </object_component>
      <object_component id="oc-209">
         <name>.text</name>
         <load_address>0xc2ccc</load_address>
         <run_address>0xc2ccc</run_address>
         <size>0x14</size>
         <input_file_ref idref="fl-13f"/>
      </object_component>
      <object_component id="oc-229">
         <name>.text:GPIOPinTypeADC</name>
         <load_address>0xc2ce0</load_address>
         <run_address>0xc2ce0</run_address>
         <size>0x12</size>
         <input_file_ref idref="fl-15e"/>
      </object_component>
      <object_component id="oc-352">
         <name>.text:GPIOPinTypeEPI</name>
         <load_address>0xc2cf2</load_address>
         <run_address>0xc2cf2</run_address>
         <size>0x12</size>
         <input_file_ref idref="fl-15e"/>
      </object_component>
      <object_component id="oc-20f">
         <name>.text:GPIOPinTypeGPIOInput</name>
         <load_address>0xc2d04</load_address>
         <run_address>0xc2d04</run_address>
         <size>0x12</size>
         <input_file_ref idref="fl-15e"/>
      </object_component>
      <object_component id="oc-303">
         <name>.text:GPIOPinTypePWM</name>
         <load_address>0xc2d16</load_address>
         <run_address>0xc2d16</run_address>
         <size>0x12</size>
         <input_file_ref idref="fl-15e"/>
      </object_component>
      <object_component id="oc-2a7">
         <name>.text:GPIOPinTypeSSI</name>
         <load_address>0xc2d28</load_address>
         <run_address>0xc2d28</run_address>
         <size>0x12</size>
         <input_file_ref idref="fl-15e"/>
      </object_component>
      <object_component id="oc-329">
         <name>.text:GPIOPinTypeTimer</name>
         <load_address>0xc2d3a</load_address>
         <run_address>0xc2d3a</run_address>
         <size>0x12</size>
         <input_file_ref idref="fl-15e"/>
      </object_component>
      <object_component id="oc-1a0">
         <name>.text:GPIOPinTypeUART</name>
         <load_address>0xc2d4c</load_address>
         <run_address>0xc2d4c</run_address>
         <size>0x12</size>
         <input_file_ref idref="fl-15e"/>
      </object_component>
      <object_component id="oc-315">
         <name>.text:PWMOutputState</name>
         <load_address>0xc2d5e</load_address>
         <run_address>0xc2d5e</run_address>
         <size>0x12</size>
         <input_file_ref idref="fl-15c"/>
      </object_component>
      <object_component id="oc-2b9">
         <name>.text:SSIDataGetNonBlocking</name>
         <load_address>0xc2d70</load_address>
         <run_address>0xc2d70</run_address>
         <size>0x12</size>
         <input_file_ref idref="fl-15b"/>
      </object_component>
      <object_component id="oc-9f">
         <name>.text:TimerLoadSet</name>
         <load_address>0xc2d82</load_address>
         <run_address>0xc2d82</run_address>
         <size>0x12</size>
         <input_file_ref idref="fl-158"/>
      </object_component>
      <object_component id="oc-335">
         <name>.text:TimerMatchSet</name>
         <load_address>0xc2d94</load_address>
         <run_address>0xc2d94</run_address>
         <size>0x12</size>
         <input_file_ref idref="fl-158"/>
      </object_component>
      <object_component id="oc-1ca">
         <name>.text:FPUEnable</name>
         <load_address>0xc2da8</load_address>
         <run_address>0xc2da8</run_address>
         <size>0x10</size>
         <input_file_ref idref="fl-15f"/>
      </object_component>
      <object_component id="oc-1d0">
         <name>.text:FPULazyStackingEnable</name>
         <load_address>0xc2db8</load_address>
         <run_address>0xc2db8</run_address>
         <size>0x10</size>
         <input_file_ref idref="fl-15f"/>
      </object_component>
      <object_component id="oc-30f">
         <name>.text:PWMGenPeriodSet</name>
         <load_address>0xc2dc8</load_address>
         <run_address>0xc2dc8</run_address>
         <size>0x10</size>
         <input_file_ref idref="fl-15c"/>
      </object_component>
      <object_component id="oc-152">
         <name>.text:SysCtlReset</name>
         <load_address>0xc2dd8</load_address>
         <run_address>0xc2dd8</run_address>
         <size>0x10</size>
         <input_file_ref idref="fl-15a"/>
      </object_component>
      <object_component id="oc-1b8">
         <name>.text:SysTickPeriodSet</name>
         <load_address>0xc2de8</load_address>
         <run_address>0xc2de8</run_address>
         <size>0x10</size>
         <input_file_ref idref="fl-159"/>
      </object_component>
      <object_component id="oc-23b">
         <name>.text:ADCSequenceEnable</name>
         <load_address>0xc2df8</load_address>
         <run_address>0xc2df8</run_address>
         <size>0xe</size>
         <input_file_ref idref="fl-162"/>
      </object_component>
      <object_component id="oc-a5">
         <name>.text:TimerEnable</name>
         <load_address>0xc2e06</load_address>
         <run_address>0xc2e06</run_address>
         <size>0xe</size>
         <input_file_ref idref="fl-158"/>
      </object_component>
      <object_component id="oc-12">
         <name>.text:decompress:none</name>
         <load_address>0xc2e14</load_address>
         <run_address>0xc2e14</run_address>
         <size>0xe</size>
         <input_file_ref idref="fl-142"/>
      </object_component>
      <object_component id="oc-2dd">
         <name>.text:CPUcpsid</name>
         <load_address>0xc2e22</load_address>
         <run_address>0xc2e22</run_address>
         <size>0xc</size>
         <input_file_ref idref="fl-161"/>
      </object_component>
      <object_component id="oc-1fd">
         <name>.text:CPUcpsie</name>
         <load_address>0xc2e2e</load_address>
         <run_address>0xc2e2e</run_address>
         <size>0xc</size>
         <input_file_ref idref="fl-161"/>
      </object_component>
      <object_component id="oc-31b">
         <name>.text:PWMGenEnable</name>
         <load_address>0xc2e3a</load_address>
         <run_address>0xc2e3a</run_address>
         <size>0xc</size>
         <input_file_ref idref="fl-15c"/>
      </object_component>
      <object_component id="oc-140">
         <name>.text:SSIDataGet</name>
         <load_address>0xc2e46</load_address>
         <run_address>0xc2e46</run_address>
         <size>0xc</size>
         <input_file_ref idref="fl-15b"/>
      </object_component>
      <object_component id="oc-1e">
         <name>.text:decompress:ZI</name>
         <load_address>0xc2e52</load_address>
         <run_address>0xc2e52</run_address>
         <size>0xc</size>
         <input_file_ref idref="fl-144"/>
      </object_component>
      <object_component id="oc-2a">
         <name>.text</name>
         <load_address>0xc2e5e</load_address>
         <run_address>0xc2e5e</run_address>
         <size>0xc</size>
         <input_file_ref idref="fl-f"/>
      </object_component>
      <object_component id="oc-241">
         <name>.text:ADCIntClear</name>
         <load_address>0xc2e6a</load_address>
         <run_address>0xc2e6a</run_address>
         <size>0xa</size>
         <input_file_ref idref="fl-162"/>
      </object_component>
      <object_component id="oc-158">
         <name>.text:IntMasterDisable</name>
         <load_address>0xc2e74</load_address>
         <run_address>0xc2e74</run_address>
         <size>0xa</size>
         <input_file_ref idref="fl-15d"/>
      </object_component>
      <object_component id="oc-b7">
         <name>.text:IntMasterEnable</name>
         <load_address>0xc2e7e</load_address>
         <run_address>0xc2e7e</run_address>
         <size>0xa</size>
         <input_file_ref idref="fl-15d"/>
      </object_component>
      <object_component id="oc-139">
         <name>.text:SSIDataPut</name>
         <load_address>0xc2e88</load_address>
         <run_address>0xc2e88</run_address>
         <size>0xa</size>
         <input_file_ref idref="fl-15b"/>
      </object_component>
      <object_component id="oc-2b3">
         <name>.text:SSIEnable</name>
         <load_address>0xc2e92</load_address>
         <run_address>0xc2e92</run_address>
         <size>0xa</size>
         <input_file_ref idref="fl-15b"/>
      </object_component>
      <object_component id="oc-87">
         <name>.text:TimerIntStatus</name>
         <load_address>0xc2e9c</load_address>
         <run_address>0xc2e9c</run_address>
         <size>0xa</size>
         <input_file_ref idref="fl-158"/>
      </object_component>
      <object_component id="oc-1e2">
         <name>.text:TimerIntEnable</name>
         <load_address>0xc2ea6</load_address>
         <run_address>0xc2ea6</run_address>
         <size>0x8</size>
         <input_file_ref idref="fl-158"/>
      </object_component>
      <object_component id="oc-215">
         <name>.text:GPIOPinRead</name>
         <load_address>0xc2eae</load_address>
         <run_address>0xc2eae</run_address>
         <size>0x6</size>
         <input_file_ref idref="fl-15e"/>
      </object_component>
      <object_component id="oc-1b2">
         <name>.text:GPIOPinWrite</name>
         <load_address>0xc2eb4</load_address>
         <run_address>0xc2eb4</run_address>
         <size>0x6</size>
         <input_file_ref idref="fl-15e"/>
      </object_component>
      <object_component id="oc-13f">
         <name>.text:SysCtlDelay</name>
         <load_address>0xc2eba</load_address>
         <run_address>0xc2eba</run_address>
         <size>0x6</size>
         <input_file_ref idref="fl-15a"/>
      </object_component>
      <object_component id="oc-18">
         <name>.text:decompress:rle24</name>
         <load_address>0xc2ec0</load_address>
         <run_address>0xc2ec0</run_address>
         <size>0x6</size>
         <input_file_ref idref="fl-143"/>
      </object_component>
      <object_component id="oc-364">
         <name>.text:EPIAddressMapSet</name>
         <load_address>0xc2ec6</load_address>
         <run_address>0xc2ec6</run_address>
         <size>0x4</size>
         <input_file_ref idref="fl-160"/>
      </object_component>
      <object_component id="oc-358">
         <name>.text:EPIModeSet</name>
         <load_address>0xc2eca</load_address>
         <run_address>0xc2eca</run_address>
         <size>0x4</size>
         <input_file_ref idref="fl-160"/>
      </object_component>
      <object_component id="oc-93">
         <name>.text:TimerIntClear</name>
         <load_address>0xc2ece</load_address>
         <run_address>0xc2ece</run_address>
         <size>0x4</size>
         <input_file_ref idref="fl-158"/>
      </object_component>
      <object_component id="oc-5e">
         <name>.text</name>
         <load_address>0xc2ed2</load_address>
         <run_address>0xc2ed2</run_address>
         <size>0x4</size>
         <input_file_ref idref="fl-14f"/>
      </object_component>
      <object_component id="oc-2ce">
         <name>.const:chinese_one_1616</name>
         <load_address>0x208</load_address>
         <run_address>0x208</run_address>
         <size>0xbb080</size>
         <input_file_ref idref="fl-13"/>
      </object_component>
      <object_component id="oc-2d4">
         <name>.const:asc3_6432</name>
         <load_address>0xbb288</load_address>
         <run_address>0xbb288</run_address>
         <size>0xb00</size>
         <input_file_ref idref="fl-13"/>
      </object_component>
      <object_component id="oc-2cb">
         <name>.const:asc2_1608</name>
         <load_address>0xbbd88</load_address>
         <run_address>0xbbd88</run_address>
         <size>0x600</size>
         <input_file_ref idref="fl-13"/>
      </object_component>
      <object_component id="oc-2d1">
         <name>.const:unique_3232</name>
         <load_address>0xbc388</load_address>
         <run_address>0xbc388</run_address>
         <size>0x480</size>
         <input_file_ref idref="fl-13"/>
      </object_component>
      <object_component id="oc-2d7">
         <name>.const:asc4_3216</name>
         <load_address>0xbc808</load_address>
         <run_address>0xbc808</run_address>
         <size>0x280</size>
         <input_file_ref idref="fl-13"/>
      </object_component>
      <object_component id="oc-1f5">
         <name>.const:g_pppui32XTALtoVCO</name>
         <load_address>0xbca88</load_address>
         <run_address>0xbca88</run_address>
         <size>0x120</size>
         <input_file_ref idref="fl-15a"/>
      </object_component>
      <object_component id="oc-2fe">
         <name>.const:.string:_ctypes_</name>
         <load_address>0xbcba8</load_address>
         <run_address>0xbcba8</run_address>
         <size>0x101</size>
         <input_file_ref idref="fl-145"/>
      </object_component>
      <object_component id="oc-34d">
         <name>.const:g_pui32GPIOBaseAddrs</name>
         <load_address>0xbccac</load_address>
         <run_address>0xbccac</run_address>
         <size>0x90</size>
         <input_file_ref idref="fl-15e"/>
      </object_component>
      <object_component id="oc-204">
         <name>.const</name>
         <load_address>0xbcd3c</load_address>
         <run_address>0xbcd3c</run_address>
         <size>0x70</size>
         <input_file_ref idref="fl-15d"/>
      </object_component>
      <object_component id="oc-18e">
         <name>.const:g_pui32Xtals</name>
         <load_address>0xbcdac</load_address>
         <run_address>0xbcdac</run_address>
         <size>0x6c</size>
         <input_file_ref idref="fl-15a"/>
      </object_component>
      <object_component id="oc-413">
         <name>.const:g_ppui32TimerIntMap</name>
         <load_address>0xbce18</load_address>
         <run_address>0xbce18</run_address>
         <size>0x60</size>
         <input_file_ref idref="fl-158"/>
      </object_component>
      <object_component id="oc-416">
         <name>.const:g_ppui32TimerIntMapSnowflake</name>
         <load_address>0xbce78</load_address>
         <run_address>0xbce78</run_address>
         <size>0x40</size>
         <input_file_ref idref="fl-158"/>
      </object_component>
      <object_component id="oc-343">
         <name>.const:.string</name>
         <load_address>0xbceb8</load_address>
         <run_address>0xbceb8</run_address>
         <size>0x30</size>
         <input_file_ref idref="fl-3"/>
      </object_component>
      <object_component id="oc-382">
         <name>.const:g_sXTALtoMEMTIM</name>
         <load_address>0xbcee8</load_address>
         <run_address>0xbcee8</run_address>
         <size>0x30</size>
         <input_file_ref idref="fl-15a"/>
      </object_component>
      <object_component id="oc-2ec">
         <name>.const</name>
         <load_address>0xbcf18</load_address>
         <run_address>0xbcf18</run_address>
         <size>0x1c</size>
         <input_file_ref idref="fl-18"/>
      </object_component>
      <object_component id="oc-224">
         <name>.const</name>
         <load_address>0xbcf34</load_address>
         <run_address>0xbcf34</run_address>
         <size>0x14</size>
         <input_file_ref idref="fl-4"/>
      </object_component>
      <object_component id="oc-3d9">
         <name>.const:.string</name>
         <load_address>0xbcf48</load_address>
         <run_address>0xbcf48</run_address>
         <size>0x12</size>
         <input_file_ref idref="fl-18"/>
      </object_component>
      <object_component id="oc-21e">
         <name>.const:.string</name>
         <load_address>0xbcf5a</load_address>
         <run_address>0xbcf5a</run_address>
         <size>0x8</size>
         <input_file_ref idref="fl-4"/>
      </object_component>
      <object_component id="oc-1f8">
         <name>.const</name>
         <load_address>0xbcf64</load_address>
         <run_address>0xbcf64</run_address>
         <size>0x8</size>
         <input_file_ref idref="fl-15a"/>
      </object_component>
      <object_component id="oc-459">
         <name>.cinit..data.load</name>
         <load_address>0xc2ed8</load_address>
         <run_address>0xc2ed8</run_address>
         <size>0x304</size>
      </object_component>
      <object_component id="oc-456">
         <name>__TI_handler_table</name>
         <load_address>0xc31dc</load_address>
         <run_address>0xc31dc</run_address>
         <size>0xc</size>
      </object_component>
      <object_component id="oc-45a">
         <name>.cinit..bss.load</name>
         <load_address>0xc31e8</load_address>
         <run_address>0xc31e8</run_address>
         <size>0x8</size>
      </object_component>
      <object_component id="oc-458">
         <name>.cinit..vtable.load</name>
         <load_address>0xc31f0</load_address>
         <run_address>0xc31f0</run_address>
         <size>0x8</size>
      </object_component>
      <object_component id="oc-457">
         <name>__TI_cinit_table</name>
         <load_address>0xc31f8</load_address>
         <run_address>0xc31f8</run_address>
         <size>0x18</size>
      </object_component>
      <object_component id="oc-41a">
         <name>.vtable</name>
         <uninitialized>true</uninitialized>
         <run_address>0x20000000</run_address>
         <size>0x26c</size>
         <input_file_ref idref="fl-15d"/>
      </object_component>
      <object_component id="oc-29">
         <name>.stack</name>
         <uninitialized>true</uninitialized>
         <run_address>0x20000590</run_address>
         <size>0x0</size>
         <input_file_ref idref="fl-141"/>
      </object_component>
      <object_component id="oc-45b">
         <name>.stack</name>
         <uninitialized>true</uninitialized>
         <run_address>0x20000590</run_address>
         <size>0x0</size>
      </object_component>
      <object_component id="oc-164">
         <name>.bss:TouchXData</name>
         <uninitialized>true</uninitialized>
         <run_address>0x200007d0</run_address>
         <size>0x28</size>
         <input_file_ref idref="fl-10"/>
      </object_component>
      <object_component id="oc-161">
         <name>.bss:TouchYData</name>
         <uninitialized>true</uninitialized>
         <run_address>0x200007f8</run_address>
         <size>0x28</size>
         <input_file_ref idref="fl-10"/>
      </object_component>
      <object_component id="oc-189">
         <name>.bss:g_cCmdBuf</name>
         <uninitialized>true</uninitialized>
         <run_address>0x20000790</run_address>
         <size>0x40</size>
         <input_file_ref idref="fl-10"/>
      </object_component>
      <object_component id="oc-221">
         <name>.common:a</name>
         <uninitialized>true</uninitialized>
         <run_address>0x20000820</run_address>
         <size>0x4</size>
      </object_component>
      <object_component id="oc-d5">
         <name>.common:g_ui32SysClock</name>
         <uninitialized>true</uninitialized>
         <run_address>0x20000824</run_address>
         <size>0x4</size>
      </object_component>
      <object_component id="oc-167">
         <name>.common:m</name>
         <uninitialized>true</uninitialized>
         <run_address>0x20000828</run_address>
         <size>0x4</size>
      </object_component>
      <object_component id="oc-16a">
         <name>.common:s</name>
         <uninitialized>true</uninitialized>
         <run_address>0x2000082c</run_address>
         <size>0x4</size>
      </object_component>
      <object_component id="oc-11f">
         <name>.common:Timer1</name>
         <uninitialized>true</uninitialized>
         <run_address>0x20000831</run_address>
         <size>0x1</size>
      </object_component>
      <object_component id="oc-119">
         <name>.common:Timer2</name>
         <uninitialized>true</uninitialized>
         <run_address>0x20000832</run_address>
         <size>0x1</size>
      </object_component>
      <object_component id="oc-120">
         <name>.common:CardType</name>
         <uninitialized>true</uninitialized>
         <run_address>0x20000830</run_address>
         <size>0x1</size>
      </object_component>
      <object_component id="oc-340">
         <name>.data</name>
         <load_address>0x20000550</load_address>
         <run_address>0x20000550</run_address>
         <size>0x14</size>
         <input_file_ref idref="fl-3"/>
      </object_component>
      <object_component id="oc-21b">
         <name>.data</name>
         <load_address>0x2000057c</load_address>
         <run_address>0x2000057c</run_address>
         <size>0x6</size>
         <input_file_ref idref="fl-4"/>
      </object_component>
      <object_component id="oc-33b">
         <name>.data:my_music_kanyueliangpashanglai</name>
         <load_address>0x2000026c</load_address>
         <run_address>0x2000026c</run_address>
         <size>0x2e4</size>
         <input_file_ref idref="fl-7"/>
      </object_component>
      <object_component id="oc-15e">
         <name>.data</name>
         <load_address>0x20000589</load_address>
         <run_address>0x20000589</run_address>
         <size>0x2</size>
         <input_file_ref idref="fl-10"/>
      </object_component>
      <object_component id="oc-2c8">
         <name>.data</name>
         <load_address>0x20000564</load_address>
         <run_address>0x20000564</run_address>
         <size>0x8</size>
         <input_file_ref idref="fl-13"/>
      </object_component>
      <object_component id="oc-11c">
         <name>.data</name>
         <load_address>0x20000582</load_address>
         <run_address>0x20000582</run_address>
         <size>0x2</size>
         <input_file_ref idref="fl-15"/>
      </object_component>
      <object_component id="oc-2ef">
         <name>.data</name>
         <load_address>0x20000584</load_address>
         <run_address>0x20000584</run_address>
         <size>0x5</size>
         <input_file_ref idref="fl-18"/>
      </object_component>
      <object_component id="oc-108">
         <name>.data</name>
         <load_address>0x2000056c</load_address>
         <run_address>0x2000056c</run_address>
         <size>0x8</size>
         <input_file_ref idref="fl-13f"/>
      </object_component>
      <object_component id="oc-10b">
         <name>.data</name>
         <load_address>0x20000574</load_address>
         <run_address>0x20000574</run_address>
         <size>0x8</size>
         <input_file_ref idref="fl-146"/>
      </object_component>
      <object_component id="oc-76">
         <name>.data</name>
         <load_address>0x2000058c</load_address>
         <run_address>0x2000058c</run_address>
         <size>0x4</size>
         <input_file_ref idref="fl-150"/>
      </object_component>
      <object_component id="oc-3e7">
         <name>.debug_info</name>
         <load_address>0x0</load_address>
         <run_address>0x0</run_address>
         <size>0x1ab</size>
         <input_file_ref idref="fl-2"/>
      </object_component>
      <object_component id="oc-e0">
         <name>.debug_info</name>
         <load_address>0x1ab</load_address>
         <run_address>0x1ab</run_address>
         <size>0x84</size>
         <input_file_ref idref="fl-2"/>
      </object_component>
      <object_component id="oc-e5">
         <name>.debug_info</name>
         <load_address>0x22f</load_address>
         <run_address>0x22f</run_address>
         <size>0x18b</size>
         <input_file_ref idref="fl-2"/>
      </object_component>
      <object_component id="oc-2f9">
         <name>.debug_info</name>
         <load_address>0x3ba</load_address>
         <run_address>0x3ba</run_address>
         <size>0x4e</size>
         <input_file_ref idref="fl-2"/>
      </object_component>
      <object_component id="oc-347">
         <name>.debug_info</name>
         <load_address>0x408</load_address>
         <run_address>0x408</run_address>
         <size>0x2dd</size>
         <input_file_ref idref="fl-3"/>
      </object_component>
      <object_component id="oc-341">
         <name>.debug_info</name>
         <load_address>0x6e5</load_address>
         <run_address>0x6e5</run_address>
         <size>0x10b</size>
         <input_file_ref idref="fl-3"/>
      </object_component>
      <object_component id="oc-344">
         <name>.debug_info</name>
         <load_address>0x7f0</load_address>
         <run_address>0x7f0</run_address>
         <size>0x354</size>
         <input_file_ref idref="fl-3"/>
      </object_component>
      <object_component id="oc-184">
         <name>.debug_info</name>
         <load_address>0xb44</load_address>
         <run_address>0xb44</run_address>
         <size>0x1681</size>
         <input_file_ref idref="fl-3"/>
      </object_component>
      <object_component id="oc-222">
         <name>.debug_info</name>
         <load_address>0x21c5</load_address>
         <run_address>0x21c5</run_address>
         <size>0x28f</size>
         <input_file_ref idref="fl-4"/>
      </object_component>
      <object_component id="oc-21c">
         <name>.debug_info</name>
         <load_address>0x2454</load_address>
         <run_address>0x2454</run_address>
         <size>0xe5</size>
         <input_file_ref idref="fl-4"/>
      </object_component>
      <object_component id="oc-225">
         <name>.debug_info</name>
         <load_address>0x2539</load_address>
         <run_address>0x2539</run_address>
         <size>0xe5</size>
         <input_file_ref idref="fl-4"/>
      </object_component>
      <object_component id="oc-21f">
         <name>.debug_info</name>
         <load_address>0x261e</load_address>
         <run_address>0x261e</run_address>
         <size>0x136</size>
         <input_file_ref idref="fl-4"/>
      </object_component>
      <object_component id="oc-c5">
         <name>.debug_info</name>
         <load_address>0x2754</load_address>
         <run_address>0x2754</run_address>
         <size>0x1600</size>
         <input_file_ref idref="fl-4"/>
      </object_component>
      <object_component id="oc-d9">
         <name>.debug_info</name>
         <load_address>0x3d54</load_address>
         <run_address>0x3d54</run_address>
         <size>0x8b</size>
         <input_file_ref idref="fl-5"/>
      </object_component>
      <object_component id="oc-ac">
         <name>.debug_info</name>
         <load_address>0x3ddf</load_address>
         <run_address>0x3ddf</run_address>
         <size>0x6b0</size>
         <input_file_ref idref="fl-6"/>
      </object_component>
      <object_component id="oc-f5">
         <name>.debug_info</name>
         <load_address>0x448f</load_address>
         <run_address>0x448f</run_address>
         <size>0x2c</size>
         <input_file_ref idref="fl-6"/>
      </object_component>
      <object_component id="oc-3fc">
         <name>.debug_info</name>
         <load_address>0x44bb</load_address>
         <run_address>0x44bb</run_address>
         <size>0xd8</size>
         <input_file_ref idref="fl-7"/>
      </object_component>
      <object_component id="oc-33c">
         <name>.debug_info</name>
         <load_address>0x4593</load_address>
         <run_address>0x4593</run_address>
         <size>0x101</size>
         <input_file_ref idref="fl-7"/>
      </object_component>
      <object_component id="oc-3ff">
         <name>.debug_info</name>
         <load_address>0x4694</load_address>
         <run_address>0x4694</run_address>
         <size>0x5e</size>
         <input_file_ref idref="fl-7"/>
      </object_component>
      <object_component id="oc-328">
         <name>.debug_info</name>
         <load_address>0x46f2</load_address>
         <run_address>0x46f2</run_address>
         <size>0x292</size>
         <input_file_ref idref="fl-8"/>
      </object_component>
      <object_component id="oc-178">
         <name>.debug_info</name>
         <load_address>0x4984</load_address>
         <run_address>0x4984</run_address>
         <size>0x35e</size>
         <input_file_ref idref="fl-8"/>
      </object_component>
      <object_component id="oc-3b0">
         <name>.debug_info</name>
         <load_address>0x4ce2</load_address>
         <run_address>0x4ce2</run_address>
         <size>0x59e</size>
         <input_file_ref idref="fl-9"/>
      </object_component>
      <object_component id="oc-d0">
         <name>.debug_info</name>
         <load_address>0x5280</load_address>
         <run_address>0x5280</run_address>
         <size>0x376</size>
         <input_file_ref idref="fl-9"/>
      </object_component>
      <object_component id="oc-275">
         <name>.debug_info</name>
         <load_address>0x55f6</load_address>
         <run_address>0x55f6</run_address>
         <size>0x6bd</size>
         <input_file_ref idref="fl-9"/>
      </object_component>
      <object_component id="oc-33f">
         <name>.debug_info</name>
         <load_address>0x5cb3</load_address>
         <run_address>0x5cb3</run_address>
         <size>0x607</size>
         <input_file_ref idref="fl-a"/>
      </object_component>
      <object_component id="oc-17e">
         <name>.debug_info</name>
         <load_address>0x62ba</load_address>
         <run_address>0x62ba</run_address>
         <size>0x558</size>
         <input_file_ref idref="fl-a"/>
      </object_component>
      <object_component id="oc-d6">
         <name>.debug_info</name>
         <load_address>0x6812</load_address>
         <run_address>0x6812</run_address>
         <size>0x659</size>
         <input_file_ref idref="fl-d"/>
      </object_component>
      <object_component id="oc-33">
         <name>.debug_info</name>
         <load_address>0x6e6b</load_address>
         <run_address>0x6e6b</run_address>
         <size>0x351</size>
         <input_file_ref idref="fl-d"/>
      </object_component>
      <object_component id="oc-122">
         <name>.debug_info</name>
         <load_address>0x71bc</load_address>
         <run_address>0x71bc</run_address>
         <size>0xe4</size>
         <input_file_ref idref="fl-d"/>
      </object_component>
      <object_component id="oc-27a">
         <name>.debug_info</name>
         <load_address>0x72a0</load_address>
         <run_address>0x72a0</run_address>
         <size>0x4c5</size>
         <input_file_ref idref="fl-d"/>
      </object_component>
      <object_component id="oc-127">
         <name>.debug_info</name>
         <load_address>0x7765</load_address>
         <run_address>0x7765</run_address>
         <size>0x70</size>
         <input_file_ref idref="fl-d"/>
      </object_component>
      <object_component id="oc-38">
         <name>.debug_info</name>
         <load_address>0x77d5</load_address>
         <run_address>0x77d5</run_address>
         <size>0x130</size>
         <input_file_ref idref="fl-f"/>
      </object_component>
      <object_component id="oc-10">
         <name>.debug_info</name>
         <load_address>0x7905</load_address>
         <run_address>0x7905</run_address>
         <size>0xf1</size>
         <input_file_ref idref="fl-f"/>
      </object_component>
      <object_component id="oc-2b">
         <name>.debug_info</name>
         <load_address>0x79f6</load_address>
         <run_address>0x79f6</run_address>
         <size>0x270</size>
         <input_file_ref idref="fl-f"/>
      </object_component>
      <object_component id="oc-168">
         <name>.debug_info</name>
         <load_address>0x7c66</load_address>
         <run_address>0x7c66</run_address>
         <size>0x603</size>
         <input_file_ref idref="fl-10"/>
      </object_component>
      <object_component id="oc-165">
         <name>.debug_info</name>
         <load_address>0x8269</load_address>
         <run_address>0x8269</run_address>
         <size>0xdc</size>
         <input_file_ref idref="fl-10"/>
      </object_component>
      <object_component id="oc-162">
         <name>.debug_info</name>
         <load_address>0x8345</load_address>
         <run_address>0x8345</run_address>
         <size>0xdc</size>
         <input_file_ref idref="fl-10"/>
      </object_component>
      <object_component id="oc-15f">
         <name>.debug_info</name>
         <load_address>0x8421</load_address>
         <run_address>0x8421</run_address>
         <size>0xf1</size>
         <input_file_ref idref="fl-10"/>
      </object_component>
      <object_component id="oc-18a">
         <name>.debug_info</name>
         <load_address>0x8512</load_address>
         <run_address>0x8512</run_address>
         <size>0xd9</size>
         <input_file_ref idref="fl-10"/>
      </object_component>
      <object_component id="oc-8e">
         <name>.debug_info</name>
         <load_address>0x85eb</load_address>
         <run_address>0x85eb</run_address>
         <size>0x9f1</size>
         <input_file_ref idref="fl-10"/>
      </object_component>
      <object_component id="oc-cc">
         <name>.debug_info</name>
         <load_address>0x8fdc</load_address>
         <run_address>0x8fdc</run_address>
         <size>0x499</size>
         <input_file_ref idref="fl-11"/>
      </object_component>
      <object_component id="oc-1a8">
         <name>.debug_info</name>
         <load_address>0x9475</load_address>
         <run_address>0x9475</run_address>
         <size>0x293</size>
         <input_file_ref idref="fl-12"/>
      </object_component>
      <object_component id="oc-2db">
         <name>.debug_info</name>
         <load_address>0x9708</load_address>
         <run_address>0x9708</run_address>
         <size>0x50e</size>
         <input_file_ref idref="fl-13"/>
      </object_component>
      <object_component id="oc-2cf">
         <name>.debug_info</name>
         <load_address>0x9c16</load_address>
         <run_address>0x9c16</run_address>
         <size>0x102</size>
         <input_file_ref idref="fl-13"/>
      </object_component>
      <object_component id="oc-2cc">
         <name>.debug_info</name>
         <load_address>0x9d18</load_address>
         <run_address>0x9d18</run_address>
         <size>0xf4</size>
         <input_file_ref idref="fl-13"/>
      </object_component>
      <object_component id="oc-2d5">
         <name>.debug_info</name>
         <load_address>0x9e0c</load_address>
         <run_address>0x9e0c</run_address>
         <size>0xf4</size>
         <input_file_ref idref="fl-13"/>
      </object_component>
      <object_component id="oc-2d8">
         <name>.debug_info</name>
         <load_address>0x9f00</load_address>
         <run_address>0x9f00</run_address>
         <size>0xf5</size>
         <input_file_ref idref="fl-13"/>
      </object_component>
      <object_component id="oc-2d2">
         <name>.debug_info</name>
         <load_address>0x9ff5</load_address>
         <run_address>0x9ff5</run_address>
         <size>0xf9</size>
         <input_file_ref idref="fl-13"/>
      </object_component>
      <object_component id="oc-2c9">
         <name>.debug_info</name>
         <load_address>0xa0ee</load_address>
         <run_address>0xa0ee</run_address>
         <size>0x11d</size>
         <input_file_ref idref="fl-13"/>
      </object_component>
      <object_component id="oc-150">
         <name>.debug_info</name>
         <load_address>0xa20b</load_address>
         <run_address>0xa20b</run_address>
         <size>0x22cd</size>
         <input_file_ref idref="fl-13"/>
      </object_component>
      <object_component id="oc-3c7">
         <name>.debug_info</name>
         <load_address>0xc4d8</load_address>
         <run_address>0xc4d8</run_address>
         <size>0x47</size>
         <input_file_ref idref="fl-13"/>
      </object_component>
      <object_component id="oc-2c0">
         <name>.debug_info</name>
         <load_address>0xc51f</load_address>
         <run_address>0xc51f</run_address>
         <size>0x3b7</size>
         <input_file_ref idref="fl-14"/>
      </object_component>
      <object_component id="oc-147">
         <name>.debug_info</name>
         <load_address>0xc8d6</load_address>
         <run_address>0xc8d6</run_address>
         <size>0xae1</size>
         <input_file_ref idref="fl-14"/>
      </object_component>
      <object_component id="oc-11a">
         <name>.debug_info</name>
         <load_address>0xd3b7</load_address>
         <run_address>0xd3b7</run_address>
         <size>0x1d9</size>
         <input_file_ref idref="fl-15"/>
      </object_component>
      <object_component id="oc-11d">
         <name>.debug_info</name>
         <load_address>0xd590</load_address>
         <run_address>0xd590</run_address>
         <size>0x10f</size>
         <input_file_ref idref="fl-15"/>
      </object_component>
      <object_component id="oc-7d">
         <name>.debug_info</name>
         <load_address>0xd69f</load_address>
         <run_address>0xd69f</run_address>
         <size>0x181b</size>
         <input_file_ref idref="fl-15"/>
      </object_component>
      <object_component id="oc-2f8">
         <name>.debug_info</name>
         <load_address>0xeeba</load_address>
         <run_address>0xeeba</run_address>
         <size>0x11c</size>
         <input_file_ref idref="fl-18"/>
      </object_component>
      <object_component id="oc-2f0">
         <name>.debug_info</name>
         <load_address>0xefd6</load_address>
         <run_address>0xefd6</run_address>
         <size>0x103</size>
         <input_file_ref idref="fl-18"/>
      </object_component>
      <object_component id="oc-2ed">
         <name>.debug_info</name>
         <load_address>0xf0d9</load_address>
         <run_address>0xf0d9</run_address>
         <size>0x159</size>
         <input_file_ref idref="fl-18"/>
      </object_component>
      <object_component id="oc-16c">
         <name>.debug_info</name>
         <load_address>0xf232</load_address>
         <run_address>0xf232</run_address>
         <size>0x8ff</size>
         <input_file_ref idref="fl-18"/>
      </object_component>
      <object_component id="oc-296">
         <name>.debug_info</name>
         <load_address>0xfb31</load_address>
         <run_address>0xfb31</run_address>
         <size>0x105</size>
         <input_file_ref idref="fl-13f"/>
      </object_component>
      <object_component id="oc-109">
         <name>.debug_info</name>
         <load_address>0xfc36</load_address>
         <run_address>0xfc36</run_address>
         <size>0xf4</size>
         <input_file_ref idref="fl-13f"/>
      </object_component>
      <object_component id="oc-20c">
         <name>.debug_info</name>
         <load_address>0xfd2a</load_address>
         <run_address>0xfd2a</run_address>
         <size>0x200</size>
         <input_file_ref idref="fl-13f"/>
      </object_component>
      <object_component id="oc-302">
         <name>.debug_info</name>
         <load_address>0xff2a</load_address>
         <run_address>0xff2a</run_address>
         <size>0xf5</size>
         <input_file_ref idref="fl-140"/>
      </object_component>
      <object_component id="oc-172">
         <name>.debug_info</name>
         <load_address>0x1001f</load_address>
         <run_address>0x1001f</run_address>
         <size>0x152</size>
         <input_file_ref idref="fl-140"/>
      </object_component>
      <object_component id="oc-27">
         <name>.debug_info</name>
         <load_address>0x10171</load_address>
         <run_address>0x10171</run_address>
         <size>0x134</size>
         <input_file_ref idref="fl-141"/>
      </object_component>
      <object_component id="oc-44">
         <name>.debug_info</name>
         <load_address>0x102a5</load_address>
         <run_address>0x102a5</run_address>
         <size>0x121</size>
         <input_file_ref idref="fl-142"/>
      </object_component>
      <object_component id="oc-13">
         <name>.debug_info</name>
         <load_address>0x103c6</load_address>
         <run_address>0x103c6</run_address>
         <size>0x1c0</size>
         <input_file_ref idref="fl-142"/>
      </object_component>
      <object_component id="oc-3f">
         <name>.debug_info</name>
         <load_address>0x10586</load_address>
         <run_address>0x10586</run_address>
         <size>0x46</size>
         <input_file_ref idref="fl-142"/>
      </object_component>
      <object_component id="oc-eb">
         <name>.debug_info</name>
         <load_address>0x105cc</load_address>
         <run_address>0x105cc</run_address>
         <size>0x2c</size>
         <input_file_ref idref="fl-142"/>
      </object_component>
      <object_component id="oc-4c">
         <name>.debug_info</name>
         <load_address>0x105f8</load_address>
         <run_address>0x105f8</run_address>
         <size>0x115</size>
         <input_file_ref idref="fl-143"/>
      </object_component>
      <object_component id="oc-46">
         <name>.debug_info</name>
         <load_address>0x1070d</load_address>
         <run_address>0x1070d</run_address>
         <size>0x228</size>
         <input_file_ref idref="fl-143"/>
      </object_component>
      <object_component id="oc-19">
         <name>.debug_info</name>
         <load_address>0x10935</load_address>
         <run_address>0x10935</run_address>
         <size>0x192</size>
         <input_file_ref idref="fl-143"/>
      </object_component>
      <object_component id="oc-4d">
         <name>.debug_info</name>
         <load_address>0x10ac7</load_address>
         <run_address>0x10ac7</run_address>
         <size>0x39</size>
         <input_file_ref idref="fl-143"/>
      </object_component>
      <object_component id="oc-5d">
         <name>.debug_info</name>
         <load_address>0x10b00</load_address>
         <run_address>0x10b00</run_address>
         <size>0x110</size>
         <input_file_ref idref="fl-144"/>
      </object_component>
      <object_component id="oc-1f">
         <name>.debug_info</name>
         <load_address>0x10c10</load_address>
         <run_address>0x10c10</run_address>
         <size>0x18b</size>
         <input_file_ref idref="fl-144"/>
      </object_component>
      <object_component id="oc-58">
         <name>.debug_info</name>
         <load_address>0x10d9b</load_address>
         <run_address>0x10d9b</run_address>
         <size>0x46</size>
         <input_file_ref idref="fl-144"/>
      </object_component>
      <object_component id="oc-3eb">
         <name>.debug_info</name>
         <load_address>0x10de1</load_address>
         <run_address>0x10de1</run_address>
         <size>0xcf</size>
         <input_file_ref idref="fl-145"/>
      </object_component>
      <object_component id="oc-2ff">
         <name>.debug_info</name>
         <load_address>0x10eb0</load_address>
         <run_address>0x10eb0</run_address>
         <size>0xdb</size>
         <input_file_ref idref="fl-145"/>
      </object_component>
      <object_component id="oc-10f">
         <name>.debug_info</name>
         <load_address>0x10f8b</load_address>
         <run_address>0x10f8b</run_address>
         <size>0x172</size>
         <input_file_ref idref="fl-146"/>
      </object_component>
      <object_component id="oc-10c">
         <name>.debug_info</name>
         <load_address>0x110fd</load_address>
         <run_address>0x110fd</run_address>
         <size>0x117</size>
         <input_file_ref idref="fl-146"/>
      </object_component>
      <object_component id="oc-72">
         <name>.debug_info</name>
         <load_address>0x11214</load_address>
         <run_address>0x11214</run_address>
         <size>0x1ee</size>
         <input_file_ref idref="fl-146"/>
      </object_component>
      <object_component id="oc-26a">
         <name>.debug_info</name>
         <load_address>0x11402</load_address>
         <run_address>0x11402</run_address>
         <size>0x129</size>
         <input_file_ref idref="fl-147"/>
      </object_component>
      <object_component id="oc-266">
         <name>.debug_info</name>
         <load_address>0x1152b</load_address>
         <run_address>0x1152b</run_address>
         <size>0x117</size>
         <input_file_ref idref="fl-148"/>
      </object_component>
      <object_component id="oc-260">
         <name>.debug_info</name>
         <load_address>0x11642</load_address>
         <run_address>0x11642</run_address>
         <size>0x117</size>
         <input_file_ref idref="fl-149"/>
      </object_component>
      <object_component id="oc-26e">
         <name>.debug_info</name>
         <load_address>0x11759</load_address>
         <run_address>0x11759</run_address>
         <size>0x116</size>
         <input_file_ref idref="fl-14b"/>
      </object_component>
      <object_component id="oc-25a">
         <name>.debug_info</name>
         <load_address>0x1186f</load_address>
         <run_address>0x1186f</run_address>
         <size>0x109</size>
         <input_file_ref idref="fl-14c"/>
      </object_component>
      <object_component id="oc-3a">
         <name>.debug_info</name>
         <load_address>0x11978</load_address>
         <run_address>0x11978</run_address>
         <size>0xf6</size>
         <input_file_ref idref="fl-14d"/>
      </object_component>
      <object_component id="oc-53">
         <name>.debug_info</name>
         <load_address>0x11a6e</load_address>
         <run_address>0x11a6e</run_address>
         <size>0x124</size>
         <input_file_ref idref="fl-14e"/>
      </object_component>
      <object_component id="oc-5f">
         <name>.debug_info</name>
         <load_address>0x11b92</load_address>
         <run_address>0x11b92</run_address>
         <size>0x129</size>
         <input_file_ref idref="fl-14f"/>
      </object_component>
      <object_component id="oc-77">
         <name>.debug_info</name>
         <load_address>0x11cbb</load_address>
         <run_address>0x11cbb</run_address>
         <size>0xea</size>
         <input_file_ref idref="fl-150"/>
      </object_component>
      <object_component id="oc-2f3">
         <name>.debug_info</name>
         <load_address>0x11da5</load_address>
         <run_address>0x11da5</run_address>
         <size>0x11f</size>
         <input_file_ref idref="fl-152"/>
      </object_component>
      <object_component id="oc-107">
         <name>.debug_info</name>
         <load_address>0x11ec4</load_address>
         <run_address>0x11ec4</run_address>
         <size>0x147</size>
         <input_file_ref idref="fl-154"/>
      </object_component>
      <object_component id="oc-6b">
         <name>.debug_info</name>
         <load_address>0x1200b</load_address>
         <run_address>0x1200b</run_address>
         <size>0x148</size>
         <input_file_ref idref="fl-154"/>
      </object_component>
      <object_component id="oc-28f">
         <name>.debug_info</name>
         <load_address>0x12153</load_address>
         <run_address>0x12153</run_address>
         <size>0x5e</size>
         <input_file_ref idref="fl-154"/>
      </object_component>
      <object_component id="oc-105">
         <name>.debug_info</name>
         <load_address>0x121b1</load_address>
         <run_address>0x121b1</run_address>
         <size>0x29e</size>
         <input_file_ref idref="fl-155"/>
      </object_component>
      <object_component id="oc-68">
         <name>.debug_info</name>
         <load_address>0x1244f</load_address>
         <run_address>0x1244f</run_address>
         <size>0x158</size>
         <input_file_ref idref="fl-155"/>
      </object_component>
      <object_component id="oc-283">
         <name>.debug_info</name>
         <load_address>0x125a7</load_address>
         <run_address>0x125a7</run_address>
         <size>0x39</size>
         <input_file_ref idref="fl-155"/>
      </object_component>
      <object_component id="oc-288">
         <name>.debug_info</name>
         <load_address>0x125e0</load_address>
         <run_address>0x125e0</run_address>
         <size>0xcd</size>
         <input_file_ref idref="fl-155"/>
      </object_component>
      <object_component id="oc-280">
         <name>.debug_info</name>
         <load_address>0x126ad</load_address>
         <run_address>0x126ad</run_address>
         <size>0x1c1</size>
         <input_file_ref idref="fl-156"/>
      </object_component>
      <object_component id="oc-ff">
         <name>.debug_info</name>
         <load_address>0x1286e</load_address>
         <run_address>0x1286e</run_address>
         <size>0x164</size>
         <input_file_ref idref="fl-156"/>
      </object_component>
      <object_component id="oc-3b3">
         <name>.debug_info</name>
         <load_address>0x129d2</load_address>
         <run_address>0x129d2</run_address>
         <size>0x2c</size>
         <input_file_ref idref="fl-156"/>
      </object_component>
      <object_component id="oc-3e0">
         <name>.debug_info</name>
         <load_address>0x129fe</load_address>
         <run_address>0x129fe</run_address>
         <size>0x128</size>
         <input_file_ref idref="fl-157"/>
      </object_component>
      <object_component id="oc-132">
         <name>.debug_info</name>
         <load_address>0x12b26</load_address>
         <run_address>0x12b26</run_address>
         <size>0x1cf</size>
         <input_file_ref idref="fl-158"/>
      </object_component>
      <object_component id="oc-414">
         <name>.debug_info</name>
         <load_address>0x12cf5</load_address>
         <run_address>0x12cf5</run_address>
         <size>0x10c</size>
         <input_file_ref idref="fl-158"/>
      </object_component>
      <object_component id="oc-417">
         <name>.debug_info</name>
         <load_address>0x12e01</load_address>
         <run_address>0x12e01</run_address>
         <size>0x11e</size>
         <input_file_ref idref="fl-158"/>
      </object_component>
      <object_component id="oc-339">
         <name>.debug_info</name>
         <load_address>0x12f1f</load_address>
         <run_address>0x12f1f</run_address>
         <size>0x220</size>
         <input_file_ref idref="fl-158"/>
      </object_component>
      <object_component id="oc-a2">
         <name>.debug_info</name>
         <load_address>0x1313f</load_address>
         <run_address>0x1313f</run_address>
         <size>0x21e</size>
         <input_file_ref idref="fl-158"/>
      </object_component>
      <object_component id="oc-377">
         <name>.debug_info</name>
         <load_address>0x1335d</load_address>
         <run_address>0x1335d</run_address>
         <size>0x2dd</size>
         <input_file_ref idref="fl-158"/>
      </object_component>
      <object_component id="oc-8a">
         <name>.debug_info</name>
         <load_address>0x1363a</load_address>
         <run_address>0x1363a</run_address>
         <size>0x1e8</size>
         <input_file_ref idref="fl-158"/>
      </object_component>
      <object_component id="oc-1df">
         <name>.debug_info</name>
         <load_address>0x13822</load_address>
         <run_address>0x13822</run_address>
         <size>0x214</size>
         <input_file_ref idref="fl-158"/>
      </object_component>
      <object_component id="oc-1e5">
         <name>.debug_info</name>
         <load_address>0x13a36</load_address>
         <run_address>0x13a36</run_address>
         <size>0x1f8</size>
         <input_file_ref idref="fl-158"/>
      </object_component>
      <object_component id="oc-96">
         <name>.debug_info</name>
         <load_address>0x13c2e</load_address>
         <run_address>0x13c2e</run_address>
         <size>0x1f6</size>
         <input_file_ref idref="fl-158"/>
      </object_component>
      <object_component id="oc-a8">
         <name>.debug_info</name>
         <load_address>0x13e24</load_address>
         <run_address>0x13e24</run_address>
         <size>0x1e3</size>
         <input_file_ref idref="fl-158"/>
      </object_component>
      <object_component id="oc-84">
         <name>.debug_info</name>
         <load_address>0x14007</load_address>
         <run_address>0x14007</run_address>
         <size>0x1e5</size>
         <input_file_ref idref="fl-158"/>
      </object_component>
      <object_component id="oc-1da">
         <name>.debug_info</name>
         <load_address>0x141ec</load_address>
         <run_address>0x141ec</run_address>
         <size>0x1f0</size>
         <input_file_ref idref="fl-158"/>
      </object_component>
      <object_component id="oc-134">
[...]
      </symbol>
      <symbol id="sm-4da">
         <name>SoftSPIinit</name>
         <value>0xc0609</value>
         <object_component_ref idref="oc-146"/>
      </symbol>
      <symbol id="sm-4db">
         <name>TOUCH_TSC2046init</name>
         <value>0xc08a1</value>
         <object_component_ref idref="oc-146"/>
      </symbol>
      <symbol id="sm-4dc">
         <name>TouchInit</name>
         <value>0xc063b</value>
         <object_component_ref idref="oc-146"/>
      </symbol>
      <symbol id="sm-4dd">
         <name>SoftSPI_PutData</name>
         <value>0xc066f</value>
         <object_component_ref idref="oc-146"/>
      </symbol>
      <symbol id="sm-4de">
         <name>touch_getx</name>
         <value>0xc0781</value>
         <object_component_ref idref="oc-146"/>
      </symbol>
      <symbol id="sm-4df">
         <name>touch_gety</name>
         <value>0xc0811</value>
         <object_component_ref idref="oc-146"/>
      </symbol>
      <symbol id="sm-4e0">
         <name>IntGPIOb</name>
         <value>0xc0b6b</value>
         <object_component_ref idref="oc-146"/>
      </symbol>
      <symbol id="sm-4e1">
         <name>TOUCH_PointAdjust</name>
         <value>0xc08ed</value>
         <object_component_ref idref="oc-146"/>
      </symbol>
      <symbol id="sm-59f">
         <name>get_fattime</name>
         <value>0xbecdb</value>
         <object_component_ref idref="oc-7b"/>
      </symbol>
      <symbol id="sm-5a0">
         <name>disk_status</name>
         <value>0xbe8d9</value>
         <object_component_ref idref="oc-7b"/>
      </symbol>
      <symbol id="sm-5a1">
         <name>disk_timerproc</name>
         <value>0xbec97</value>
         <object_component_ref idref="oc-7b"/>
      </symbol>
      <symbol id="sm-5a2">
         <name>disk_read</name>
         <value>0xbe8f3</value>
         <object_component_ref idref="oc-7b"/>
      </symbol>
      <symbol id="sm-5a3">
         <name>disk_initialize</name>
         <value>0xbe735</value>
         <object_component_ref idref="oc-7b"/>
      </symbol>
      <symbol id="sm-5a4">
         <name>disk_ioctl</name>
         <value>0xbea95</value>
         <object_component_ref idref="oc-7b"/>
      </symbol>
      <symbol id="sm-5a5">
         <name>disk_write</name>
         <value>0xbe9a3</value>
         <object_component_ref idref="oc-7b"/>
      </symbol>
      <symbol id="sm-60e">
         <name>UARTgetc</name>
         <value>0xc0d35</value>
         <object_component_ref idref="oc-16b"/>
      </symbol>
      <symbol id="sm-60f">
         <name>UARTgets</name>
         <value>0xc0c6f</value>
         <object_component_ref idref="oc-16b"/>
      </symbol>
      <symbol id="sm-610">
         <name>UARTStdioConfig</name>
         <value>0xc0bbd</value>
         <object_component_ref idref="oc-16b"/>
      </symbol>
      <symbol id="sm-611">
         <name>UARTwrite</name>
         <value>0xc0c1d</value>
         <object_component_ref idref="oc-16b"/>
      </symbol>
      <symbol id="sm-612">
         <name>UARTprintf</name>
         <value>0xc1063</value>
         <object_component_ref idref="oc-16b"/>
      </symbol>
      <symbol id="sm-613">
         <name>UARTvprintf</name>
         <value>0xc0d69</value>
         <object_component_ref idref="oc-16b"/>
      </symbol>
      <symbol id="sm-62c">
         <name>_nop</name>
         <value>0xc2cdb</value>
         <object_component_ref idref="oc-209"/>
      </symbol>
      <symbol id="sm-62d">
         <name>_lock</name>
         <value>0x2000056c</value>
         <object_component_ref idref="oc-108"/>
      </symbol>
      <symbol id="sm-62e">
         <name>_unlock</name>
         <value>0x20000570</value>
         <object_component_ref idref="oc-108"/>
      </symbol>
      <symbol id="sm-62f">
         <name>_register_lock</name>
         <value>0xc2cd3</value>
         <object_component_ref idref="oc-209"/>
      </symbol>
      <symbol id="sm-630">
         <name>_register_unlock</name>
         <value>0xc2ccd</value>
         <object_component_ref idref="oc-209"/>
      </symbol>
      <symbol id="sm-646">
         <name>atoi</name>
         <value>0xc2811</value>
         <object_component_ref idref="oc-171"/>
      </symbol>
      <symbol id="sm-658">
         <name>_c_int00</name>
         <value>0xc2775</value>
         <object_component_ref idref="oc-24"/>
      </symbol>
      <symbol id="sm-659">
         <name>__stack</name>
         <value>0x20000590</value>
         <object_component_ref idref="oc-29"/>
      </symbol>
      <symbol id="sm-670">
         <name>__TI_decompress_none</name>
         <value>0xc2e15</value>
         <object_component_ref idref="oc-12"/>
      </symbol>
      <symbol id="sm-693">
         <name>__TI_decompress_rle24</name>
         <value>0xc2ec1</value>
         <object_component_ref idref="oc-18"/>
      </symbol>
      <symbol id="sm-6a5">
         <name>__TI_zero_init</name>
         <value>0xc2e53</value>
         <object_component_ref idref="oc-1e"/>
      </symbol>
      <symbol id="sm-6b0">
         <name>_ctypes_</name>
         <value>0xbcba8</value>
         <object_component_ref idref="oc-2fe"/>
      </symbol>
      <symbol id="sm-6cf">
         <name>C$$EXIT</name>
         <value>0xc2939</value>
         <object_component_ref idref="oc-70"/>
      </symbol>
      <symbol id="sm-6d0">
         <name>abort</name>
         <value>0xc293d</value>
         <object_component_ref idref="oc-70"/>
      </symbol>
      <symbol id="sm-6d1">
         <name>exit</name>
         <value>0xc2945</value>
         <object_component_ref idref="oc-70"/>
      </symbol>
      <symbol id="sm-6d2">
         <name>__TI_dtors_ptr</name>
         <value>0x20000578</value>
         <object_component_ref idref="oc-10b"/>
      </symbol>
      <symbol id="sm-6d3">
         <name>__TI_cleanup_ptr</name>
         <value>0x20000574</value>
         <object_component_ref idref="oc-10b"/>
      </symbol>
      <symbol id="sm-6f7">
         <name>__aeabi_dsub</name>
         <value>0xc1845</value>
         <object_component_ref idref="oc-268"/>
      </symbol>
      <symbol id="sm-6f8">
         <name>__aeabi_dadd</name>
         <value>0xc184f</value>
         <object_component_ref idref="oc-268"/>
      </symbol>
      <symbol id="sm-718">
         <name>__aeabi_ddiv</name>
         <value>0xc1e21</value>
         <object_component_ref idref="oc-263"/>
      </symbol>
      <symbol id="sm-72f">
         <name>__aeabi_dmul</name>
         <value>0xc22a9</value>
         <object_component_ref idref="oc-25e"/>
      </symbol>
      <symbol id="sm-73f">
         <name>__aeabi_d2uiz</name>
         <value>0xc297d</value>
         <object_component_ref idref="oc-26d"/>
      </symbol>
      <symbol id="sm-74d">
         <name>__aeabi_f2d</name>
         <value>0xc2a81</value>
         <object_component_ref idref="oc-259"/>
      </symbol>
      <symbol id="sm-768">
         <name>memcpy</name>
         <value>0xc2449</value>
         <object_component_ref idref="oc-39"/>
      </symbol>
      <symbol id="sm-769">
         <name>__aeabi_memcpy</name>
         <value>0xc2449</value>
         <object_component_ref idref="oc-39"/>
      </symbol>
      <symbol id="sm-76a">
         <name>__aeabi_memcpy8</name>
         <value>0xc2449</value>
         <object_component_ref idref="oc-39"/>
      </symbol>
      <symbol id="sm-76b">
         <name>__aeabi_memcpy4</name>
         <value>0xc2449</value>
         <object_component_ref idref="oc-39"/>
      </symbol>
      <symbol id="sm-77a">
         <name>__aeabi_memset</name>
         <value>0xc2567</value>
         <object_component_ref idref="oc-52"/>
      </symbol>
      <symbol id="sm-77b">
         <name>memset</name>
         <value>0xc256d</value>
         <object_component_ref idref="oc-52"/>
      </symbol>
      <symbol id="sm-77c">
         <name>__aeabi_memset8</name>
         <value>0xc2567</value>
         <object_component_ref idref="oc-52"/>
      </symbol>
      <symbol id="sm-77d">
         <name>__aeabi_memset4</name>
         <value>0xc2567</value>
         <object_component_ref idref="oc-52"/>
      </symbol>
      <symbol id="sm-77e">
         <name>__aeabi_memclr8</name>
         <value>0xc2565</value>
         <object_component_ref idref="oc-52"/>
      </symbol>
      <symbol id="sm-77f">
         <name>__aeabi_memclr4</name>
         <value>0xc2565</value>
         <object_component_ref idref="oc-52"/>
      </symbol>
      <symbol id="sm-780">
         <name>__aeabi_memclr</name>
         <value>0xc2565</value>
         <object_component_ref idref="oc-52"/>
      </symbol>
      <symbol id="sm-78a">
         <name>_system_pre_init</name>
         <value>0xc2ed3</value>
         <object_component_ref idref="oc-5e"/>
      </symbol>
      <symbol id="sm-792">
         <name>main_func_sp</name>
         <value>0x2000058c</value>
         <object_component_ref idref="oc-76"/>
      </symbol>
      <symbol id="sm-7a5">
         <name>__aeabi_uidivmod</name>
         <value>0xc2a03</value>
         <object_component_ref idref="oc-2f2"/>
      </symbol>
      <symbol id="sm-7a6">
         <name>__aeabi_uidiv</name>
         <value>0xc2a03</value>
         <object_component_ref idref="oc-2f2"/>
      </symbol>
      <symbol id="sm-7be">
         <name>_args_main</name>
         <value>0xc2c61</value>
         <object_component_ref idref="oc-6a"/>
      </symbol>
      <symbol id="sm-7e4">
         <name>__TI_auto_init</name>
         <value>0xc25e1</value>
         <object_component_ref idref="oc-64"/>
      </symbol>
      <symbol id="sm-7fe">
         <name>copy_in</name>
         <value>0xc285d</value>
         <object_component_ref idref="oc-fe"/>
      </symbol>
      <symbol id="sm-808">
         <name>__aeabi_idiv0</name>
         <value>0xc13b7</value>
         <object_component_ref idref="oc-3de"/>
      </symbol>
      <symbol id="sm-88a">
         <name>TimerMatchSet</name>
         <value>0xc2d95</value>
         <object_component_ref idref="oc-335"/>
      </symbol>
      <symbol id="sm-88b">
         <name>TimerLoadSet</name>
         <value>0xc2d83</value>
         <object_component_ref idref="oc-9f"/>
      </symbol>
      <symbol id="sm-88c">
         <name>TimerDisable</name>
         <value>0xc2cb9</value>
         <object_component_ref idref="oc-81"/>
      </symbol>
      <symbol id="sm-88d">
         <name>TimerIntRegister</name>
         <value>0xc2c49</value>
         <object_component_ref idref="oc-1dc"/>
      </symbol>
      <symbol id="sm-88e">
         <name>TimerEnable</name>
         <value>0xc2e07</value>
         <object_component_ref idref="oc-a5"/>
      </symbol>
      <symbol id="sm-88f">
         <name>TimerIntStatus</name>
         <value>0xc2e9d</value>
         <object_component_ref idref="oc-87"/>
      </symbol>
      <symbol id="sm-890">
         <name>TimerIntEnable</name>
         <value>0xc2ea7</value>
         <object_component_ref idref="oc-1e2"/>
      </symbol>
      <symbol id="sm-891">
         <name>TimerConfigure</name>
         <value>0xc2719</value>
         <object_component_ref idref="oc-1d6"/>
      </symbol>
      <symbol id="sm-892">
         <name>TimerIntClear</name>
         <value>0xc2ecf</value>
         <object_component_ref idref="oc-93"/>
      </symbol>
      <symbol id="sm-8b5">
         <name>SysTickEnable</name>
         <value>0xc2c91</value>
         <object_component_ref idref="oc-1c4"/>
      </symbol>
      <symbol id="sm-8b6">
         <name>SysTickIntEnable</name>
         <value>0xc2ca5</value>
         <object_component_ref idref="oc-1be"/>
      </symbol>
      <symbol id="sm-8b7">
         <name>SysTickPeriodSet</name>
         <value>0xc2de9</value>
         <object_component_ref idref="oc-1b8"/>
      </symbol>
      <symbol id="sm-967">
         <name>SysCtlGPIOAHBEnable</name>
         <value>0xc2bf9</value>
         <object_component_ref idref="oc-2c2"/>
      </symbol>
      <symbol id="sm-968">
         <name>SysCtlDelay</name>
         <value>0xc2ebb</value>
         <object_component_ref idref="oc-13f"/>
      </symbol>
      <symbol id="sm-969">
         <name>SysCtlPeripheralEnable</name>
         <value>0xc2aed</value>
         <object_component_ref idref="oc-194"/>
      </symbol>
      <symbol id="sm-96a">
         <name>SysCtlReset</name>
         <value>0xc2dd9</value>
         <object_component_ref idref="oc-152"/>
      </symbol>
      <symbol id="sm-96b">
         <name>SysCtlClockGet</name>
         <value>0xc2089</value>
         <object_component_ref idref="oc-99"/>
      </symbol>
      <symbol id="sm-96c">
         <name>SysCtlClockFreqSet</name>
         <value>0xc1649</value>
         <object_component_ref idref="oc-b1"/>
      </symbol>
      <symbol id="sm-9a4">
         <name>SSIDataPut</name>
         <value>0xc2e89</value>
         <object_component_ref idref="oc-139"/>
      </symbol>
      <symbol id="sm-9a5">
         <name>SSIDataGet</name>
         <value>0xc2e47</value>
         <object_component_ref idref="oc-140"/>
      </symbol>
      <symbol id="sm-9a6">
         <name>SSIDataGetNonBlocking</name>
         <value>0xc2d71</value>
         <object_component_ref idref="oc-2b9"/>
      </symbol>
      <symbol id="sm-9a7">
         <name>SSIConfigSetExpClk</name>
         <value>0xc29c1</value>
         <object_component_ref idref="oc-2ad"/>
      </symbol>
      <symbol id="sm-9a8">
         <name>SSIEnable</name>
         <value>0xc2e93</value>
         <object_component_ref idref="oc-2b3"/>
      </symbol>
      <symbol id="sm-9d5">
         <name>PWMGenPeriodSet</name>
         <value>0xc2dc9</value>
         <object_component_ref idref="oc-30f"/>
      </symbol>
      <symbol id="sm-9d6">
         <name>PWMPulseWidthSet</name>
         <value>0xc2bdb</value>
         <object_component_ref idref="oc-321"/>
      </symbol>
      <symbol id="sm-9d7">
         <name>PWMOutputState</name>
         <value>0xc2d5f</value>
         <object_component_ref idref="oc-315"/>
      </symbol>
      <symbol id="sm-9d8">
         <name>PWMGenEnable</name>
         <value>0xc2e3b</value>
         <object_component_ref idref="oc-31b"/>
      </symbol>
      <symbol id="sm-9d9">
         <name>PWMGenConfigure</name>
         <value>0xc2b9b</value>
         <object_component_ref idref="oc-309"/>
      </symbol>
      <symbol id="sm-a23">
         <name>IntEnable</name>
         <value>0xc26b9</value>
         <object_component_ref idref="oc-bd"/>
      </symbol>
      <symbol id="sm-a24">
         <name>IntRegister</name>
         <value>0xc2ab9</value>
         <object_component_ref idref="oc-37a"/>
      </symbol>
      <symbol id="sm-a25">
         <name>IntMasterDisable</name>
         <value>0xc2e75</value>
         <object_component_ref idref="oc-158"/>
      </symbol>
      <symbol id="sm-a26">
         <name>g_pfnRAMVectors</name>
         <value>0x20000000</value>
         <object_component_ref idref="oc-41a"/>
      </symbol>
      <symbol id="sm-a27">
         <name>IntMasterEnable</name>
         <value>0xc2e7f</value>
         <object_component_ref idref="oc-b7"/>
      </symbol>
      <symbol id="sm-aa7">
         <name>GPIOPinTypePWM</name>
         <value>0xc2d17</value>
         <object_component_ref idref="oc-303"/>
      </symbol>
      <symbol id="sm-aa8">
         <name>GPIOPinConfigure</name>
         <value>0xc28a9</value>
         <object_component_ref idref="oc-19a"/>
      </symbol>
      <symbol id="sm-aa9">
         <name>GPIOPinTypeADC</name>
         <value>0xc2ce1</value>
         <object_component_ref idref="oc-229"/>
      </symbol>
      <symbol id="sm-aaa">
         <name>GPIOPinTypeGPIOInput</name>
         <value>0xc2d05</value>
         <object_component_ref idref="oc-20f"/>
      </symbol>
      <symbol id="sm-aab">
         <name>GPIOPinTypeUART</name>
         <value>0xc2d4d</value>
         <object_component_ref idref="oc-1a0"/>
      </symbol>
      <symbol id="sm-aac">
         <name>GPIOPinTypeGPIOOutput</name>
         <value>0xc2c31</value>
         <object_component_ref idref="oc-1ac"/>
      </symbol>
      <symbol id="sm-aad">
         <name>GPIOPinRead</name>
         <value>0xc2eaf</value>
         <object_component_ref idref="oc-215"/>
      </symbol>
      <symbol id="sm-aae">
         <name>GPIODirModeSet</name>
         <value>0xc2b4f</value>
         <object_component_ref idref="oc-32f"/>
      </symbol>
      <symbol id="sm-aaf">
         <name>GPIOPinWrite</name>
         <value>0xc2eb5</value>
         <object_component_ref idref="oc-1b2"/>
      </symbol>
      <symbol id="sm-ab0">
         <name>GPIOPadConfigSet</name>
         <value>0xc1f57</value>
         <object_component_ref idref="oc-113"/>
      </symbol>
      <symbol id="sm-ab1">
         <name>GPIOPinTypeSSI</name>
         <value>0xc2d29</value>
         <object_component_ref idref="oc-2a7"/>
      </symbol>
      <symbol id="sm-ab2">
         <name>GPIOPinTypeTimer</name>
         <value>0xc2d3b</value>
         <object_component_ref idref="oc-329"/>
      </symbol>
      <symbol id="sm-ab3">
         <name>GPIOPinTypeEPI</name>
         <value>0xc2cf3</value>
         <object_component_ref idref="oc-352"/>
      </symbol>
      <symbol id="sm-ac9">
         <name>FPULazyStackingEnable</name>
         <value>0xc2db9</value>
         <object_component_ref idref="oc-1d0"/>
      </symbol>
      <symbol id="sm-aca">
         <name>FPUEnable</name>
         <value>0xc2da9</value>
         <object_component_ref idref="oc-1ca"/>
      </symbol>
      <symbol id="sm-ae7">
         <name>EPIModeSet</name>
         <value>0xc2ecb</value>
         <object_component_ref idref="oc-358"/>
      </symbol>
      <symbol id="sm-ae8">
         <name>EPIConfigHB16Set</name>
         <value>0xc2b79</value>
         <object_component_ref idref="oc-35e"/>
      </symbol>
      <symbol id="sm-ae9">
         <name>EPIAddressMapSet</name>
         <value>0xc2ec7</value>
         <object_component_ref idref="oc-364"/>
      </symbol>
      <symbol id="sm-afb">
         <name>CPUcpsie</name>
         <value>0xc2e2f</value>
         <object_component_ref idref="oc-1fd"/>
      </symbol>
      <symbol id="sm-afc">
         <name>CPUcpsid</name>
         <value>0xc2e23</value>
         <object_component_ref idref="oc-2dd"/>
      </symbol>
      <symbol id="sm-b46">
         <name>ADCProcessorTrigger</name>
         <value>0xc2c79</value>
         <object_component_ref idref="oc-247"/>
      </symbol>
      <symbol id="sm-b47">
         <name>ADCSequenceEnable</name>
         <value>0xc2df9</value>
         <object_component_ref idref="oc-23b"/>
      </symbol>
      <symbol id="sm-b48">
         <name>ADCSequenceConfigure</name>
         <value>0xc2a43</value>
         <object_component_ref idref="oc-22f"/>
      </symbol>
      <symbol id="sm-b49">
         <name>ADCSequenceStepConfigure</name>
         <value>0xc24e5</value>
         <object_component_ref idref="oc-235"/>
      </symbol>
      <symbol id="sm-b4a">
         <name>ADCIntClear</name>
         <value>0xc2e6b</value>
         <object_component_ref idref="oc-241"/>
      </symbol>
      <symbol id="sm-b4b">
         <name>ADCIntStatus</name>
         <value>0xc2b21</value>
         <object_component_ref idref="oc-24d"/>
      </symbol>
      <symbol id="sm-b4c">
         <name>ADCSequenceDataGet</name>
         <value>0xc2bbd</value>
         <object_component_ref idref="oc-253"/>
      </symbol>
      <symbol id="sm-b4d">
         <name>__TI_static_base__</name>
         <value>0x0</value>
      </symbol>
      <symbol id="sm-b50">
         <name>SHT$$INIT_ARRAY$$Limit</name>
         <value>0x0</value>
      </symbol>
      <symbol id="sm-b51">
         <name>SHT$$INIT_ARRAY$$Base</name>
         <value>0x0</value>
      </symbol>
   </symbol_table>
   <title>Link successful</title>
</link_info>
