******************************************************************************
                  TI ARM Linker PC v5.2.5                      
******************************************************************************
>> Linked Wed Dec 07 08:26:01 2022

OUTPUT FILE NAME:   <sd_card_1294_new.out>
ENTRY POINT SYMBOL: "_c_int00"  address: 00008ec5


MEMORY CONFIGURATION

         name            origin    length      used     unused   attr    fill
----------------------  --------  ---------  --------  --------  ----  --------
  FLASH                 00000000   00100000  0000a45a  000f5ba6  R  X
  SRAM                  20000000   00040000  00001b5f  0003e4a1  RW X


SEGMENT ALLOCATION MAP

run origin  load origin   length   init length attrs members
----------  ----------- ---------- ----------- ----- -------
00000000    00000000    0000a460   0000a460    r-x
  00000000    00000000    00000208   00000208    r-- .intvecs
  00000208    00000208    000094b2   000094b2    r-x .text
  000096bc    000096bc    000009e0   000009e0    r-- .const
  0000a0a0    0000a0a0    000003c0   000003c0    r-- .cinit
20000000    20000000    00001b60   00000000    rw-
  20000000    20000000    0000026c   00000000    rw- .vtable
  2000026c    2000026c    0000128f   00000000    rw- .bss
  200014fc    200014fc    00000464   00000000    rw- .data
  20001960    20001960    00000200   00000000    rw- .stack


SECTION ALLOCATION MAP

 output                                  attributes/
section   page    origin      length       input sections
--------  ----  ----------  ----------   ----------------
.intvecs   0    00000000    00000208     
                  00000000    00000208     tm4c1294ncpdt_startup_ccs.obj (.intvecs)

.text      0    00000208    000094b2     
                  00000208    00002a18     ff.obj (.text)
                  00002c20    00001428     TFT_400x240_OTM4001A_16bit.obj (.text)
                  00004048    00000a24     mmc-dk-tm4c129x.obj (.text)
                  00004a6c    00000a10     IICaccelermeter.obj (.text)
                  0000547c    000006a0     IICmiziguan.obj (.text)
                  00005b1c    0000061c     TOUCH_TSC2046.obj (.text)
                  00006138    000005b0     Button.obj (.text)
                  000066e8    000004f0     bmp.obj (.text)
                  00006bd8    000004dc     uartstdio.obj (.text)
                  000070b4    00000448     touchTFT.obj (.text)
                  000074fc    000003b0     led.obj (.text)
                  000078ac    00000290     Init.obj (.text)
                  00007b3c    000001fc     driverlib.lib : sysctl.obj (.text:SysCtlClockFreqSet)
                  00007d38    000001b6     rtsv7M4_T_le_v4SPD16_eabi.lib : fd_add_t2.obj (.text)
                  00007eee    00000002                                   : i_div0.obj (.text)
                  00007ef0    00000190     beepMP3.obj (.text)
                  00008080    00000178     ui.obj (.text)
                  000081f8    00000144     EPIinit.obj (.text)
                  0000833c    00000136     rtsv7M4_T_le_v4SPD16_eabi.lib : fd_div_t2.obj (.text)
                  00008472    00000130     driverlib.lib : gpio.obj (.text:GPIOPadConfigSet)
                  000085a2    00000002     --HOLE-- [fill = 0]
                  000085a4    00000118                   : sysctl.obj (.text:SysCtlClockGet)
                  000086bc    0000010c     ds18b20.obj (.text)
                  000087c8    00000108     PWMbreathingLED.obj (.text)
                  000088d0    000000fc     rtsv7M4_T_le_v4SPD16_eabi.lib : fd_mul_t2.obj (.text)
                  000089cc    000000a4     sd_card_1294.obj (.text)
                  00008a70    0000009c     rtsv7M4_T_le_v4SPD16_eabi.lib : memcpy_t2.obj (.text)
                  00008b0c    00000094     adcTest.obj (.text)
                  00008ba0    00000094     sdzimo.obj (.text)
                  00008c34    00000080     driverlib.lib : adc.obj (.text:ADCSequenceStepConfigure)
                  00008cb4    0000007a     rtsv7M4_T_le_v4SPD16_eabi.lib : memset_t2.obj (.text)
                  00008d2e    00000002     --HOLE-- [fill = 0]
                  00008d30    0000006c                                   : autoinit.obj (.text)
                  00008d9c    0000006a                                   : copy_decompress_rle.obj (.text)
                  00008e06    00000002     --HOLE-- [fill = 0]
                  00008e08    00000060     driverlib.lib : interrupt.obj (.text:IntEnable)
                  00008e68    0000005c                   : timer.obj (.text:TimerConfigure)
                  00008ec4    00000050     rtsv7M4_T_le_v4SPD16_eabi.lib : boot.obj (.text)
                  00008f14    0000004c     driverlib.lib : timer.obj (.text:_TimerIntNumberGet)
                  00008f60    0000004c     rtsv7M4_T_le_v4SPD16_eabi.lib : cpy_tbl.obj (.text)
                  00008fac    00000048     driverlib.lib : gpio.obj (.text:GPIOPinConfigure)
                  00008ff4    00000048                   : sysctl.obj (.text:_SysCtlFrequencyGet)
                  0000903c    00000048     rtsv7M4_T_le_v4SPD16_eabi.lib : fd_tos_t2.obj (.text)
                  00009084    00000044                                   : exit.obj (.text)
                  000090c8    00000044                                   : fd_tou_t2.obj (.text)
                  0000910c    00000042     driverlib.lib : ssi.obj (.text:SSIConfigSetExpClk)
                  0000914e    00000040     rtsv7M4_T_le_v4SPD16_eabi.lib : u_divt2.obj (.text)
                  0000918e    0000003e     driverlib.lib : adc.obj (.text:ADCSequenceConfigure)
                  000091cc    00000038     rtsv7M4_T_le_v4SPD16_eabi.lib : fs_tod_t2.obj (.text)
                  00009204    00000034     driverlib.lib : interrupt.obj (.text:IntRegister)
                  00009238    00000034                   : sysctl.obj (.text:SysCtlPeripheralEnable)
                  0000926c    0000002e                   : adc.obj (.text:ADCIntStatus)
                  0000929a    0000002e     rtsv7M4_T_le_v4SPD16_eabi.lib : i_tofd_t2.obj (.text)
                  000092c8    0000002a     driverlib.lib : gpio.obj (.text:GPIODirModeSet)
                  000092f2    00000022                   : epi.obj (.text:EPIConfigHB16Set)
                  00009314    00000022                   : pwm.obj (.text:PWMGenConfigure)
                  00009336    00000020     rtsv7M4_T_le_v4SPD16_eabi.lib : u_tofd_t2.obj (.text)
                  00009356    0000001e     driverlib.lib : adc.obj (.text:ADCSequenceDataGet)
                  00009374    0000001e                   : pwm.obj (.text:PWMPulseWidthSet)
                  00009392    0000001e     rtsv7M4_T_le_v4SPD16_eabi.lib : strcat.obj (.text)
                  000093b0    0000001c     driverlib.lib : sysctl.obj (.text:SysCtlGPIOAHBEnable)
                  000093cc    0000001c                   : sysctl.obj (.text:_SysCtlMemTimingGet)
                  000093e8    00000018                   : gpio.obj (.text:GPIOPinTypeGPIOOutput)
                  00009400    00000018                   : timer.obj (.text:TimerIntRegister)
                  00009418    00000018     rtsv7M4_T_le_v4SPD16_eabi.lib : args_main.obj (.text)
                  00009430    00000018                                   : strcmp.obj (.text)
                  00009448    00000016     driverlib.lib : adc.obj (.text:ADCProcessorTrigger)
                  0000945e    00000002     --HOLE-- [fill = 0]
                  00009460    00000014                   : systick.obj (.text:SysTickEnable)
                  00009474    00000014                   : systick.obj (.text:SysTickIntEnable)
                  00009488    00000014                   : timer.obj (.text:TimerDisable)
                  0000949c    00000014     rtsv7M4_T_le_v4SPD16_eabi.lib : _lock.obj (.text)
                  000094b0    00000014                                   : strcpy.obj (.text)
                  000094c4    00000012     driverlib.lib : gpio.obj (.text:GPIOPinTypeADC)
                  000094d6    00000012                   : gpio.obj (.text:GPIOPinTypeEPI)
                  000094e8    00000012                   : gpio.obj (.text:GPIOPinTypeGPIOInput)
                  000094fa    00000012                   : gpio.obj (.text:GPIOPinTypePWM)
                  0000950c    00000012                   : gpio.obj (.text:GPIOPinTypeSSI)
                  0000951e    00000012                   : gpio.obj (.text:GPIOPinTypeTimer)
                  00009530    00000012                   : gpio.obj (.text:GPIOPinTypeUART)
                  00009542    00000012                   : pwm.obj (.text:PWMOutputState)
                  00009554    00000012                   : ssi.obj (.text:SSIDataGetNonBlocking)
                  00009566    00000012                   : timer.obj (.text:TimerLoadSet)
                  00009578    00000012                   : timer.obj (.text:TimerMatchSet)
                  0000958a    00000002     --HOLE-- [fill = 0]
                  0000958c    00000010                   : fpu.obj (.text:FPUEnable)
                  0000959c    00000010                   : fpu.obj (.text:FPULazyStackingEnable)
                  000095ac    00000010                   : pwm.obj (.text:PWMGenPeriodSet)
                  000095bc    00000010                   : sysctl.obj (.text:SysCtlReset)
                  000095cc    00000010                   : systick.obj (.text:SysTickPeriodSet)
                  000095dc    0000000e                   : adc.obj (.text:ADCSequenceEnable)
                  000095ea    0000000e                   : timer.obj (.text:TimerEnable)
                  000095f8    0000000e     rtsv7M4_T_le_v4SPD16_eabi.lib : copy_decompress_none.obj (.text:decompress:none)
                  00009606    0000000c     driverlib.lib : cpu.obj (.text:CPUcpsid)
                  00009612    0000000c                   : cpu.obj (.text:CPUcpsie)
                  0000961e    0000000c                   : pwm.obj (.text:PWMGenEnable)
                  0000962a    0000000c                   : ssi.obj (.text:SSIDataGet)
                  00009636    0000000c     rtsv7M4_T_le_v4SPD16_eabi.lib : copy_zero_init.obj (.text:decompress:ZI)
                  00009642    0000000c     tm4c1294ncpdt_startup_ccs.obj (.text)
                  0000964e    0000000a     driverlib.lib : adc.obj (.text:ADCIntClear)
                  00009658    0000000a                   : interrupt.obj (.text:IntMasterDisable)
                  00009662    0000000a                   : interrupt.obj (.text:IntMasterEnable)
                  0000966c    0000000a                   : ssi.obj (.text:SSIDataPut)
                  00009676    0000000a                   : ssi.obj (.text:SSIEnable)
                  00009680    0000000a                   : timer.obj (.text:TimerIntStatus)
                  0000968a    00000008                   : timer.obj (.text:TimerIntEnable)
                  00009692    00000006                   : gpio.obj (.text:GPIOPinRead)
                  00009698    00000006                   : gpio.obj (.text:GPIOPinWrite)
                  0000969e    00000006                   : sysctl.obj (.text:SysCtlDelay)
                  000096a4    00000006     rtsv7M4_T_le_v4SPD16_eabi.lib : copy_decompress_rle.obj (.text:decompress:rle24)
                  000096aa    00000004     driverlib.lib : epi.obj (.text:EPIAddressMapSet)
                  000096ae    00000004                   : epi.obj (.text:EPIModeSet)
                  000096b2    00000004                   : timer.obj (.text:TimerIntClear)
                  000096b6    00000004     rtsv7M4_T_le_v4SPD16_eabi.lib : pre_init.obj (.text)

.const     0    000096bc    000009e0     
                  000096bc    00000600     TFT_400x240_OTM4001A_16bit.obj (.const:asc2_1608)
                  00009cbc    00000120     driverlib.lib : sysctl.obj (.const:g_pppui32XTALtoVCO)
                  00009ddc    00000090                   : gpio.obj (.const:g_pui32GPIOBaseAddrs)
                  00009e6c    00000070                   : interrupt.obj (.const)
                  00009edc    0000006c                   : sysctl.obj (.const:g_pui32Xtals)
                  00009f48    00000060                   : timer.obj (.const:g_ppui32TimerIntMap)
                  00009fa8    00000040                   : timer.obj (.const:g_ppui32TimerIntMapSnowflake)
                  00009fe8    00000030     IICaccelermeter.obj (.const:.string)
                  0000a018    00000030     driverlib.lib : sysctl.obj (.const:g_sXTALtoMEMTIM)
                  0000a048    0000001c     uartstdio.obj (.const)
                  0000a064    00000014     IICmiziguan.obj (.const)
                  0000a078    00000012     uartstdio.obj (.const:.string)
                  0000a08a    00000008     IICmiziguan.obj (.const:.string)
                  0000a092    00000002     --HOLE-- [fill = 0]
                  0000a094    00000008     driverlib.lib : sysctl.obj (.const)

.cinit     0    0000a0a0    000003c0     
                  0000a0a0    00000389     (.cinit..data.load) [load image, compression = rle]
                  0000a429    00000003     --HOLE-- [fill = 0]
                  0000a42c    0000000c     (__TI_handler_table)
                  0000a438    00000008     (.cinit..bss.load) [load image, compression = zero_init]
                  0000a440    00000008     (.cinit..vtable.load) [load image, compression = zero_init]
                  0000a448    00000018     (__TI_cinit_table)

.init_array 
*          0    00000000    00000000     UNINITIALIZED

.vtable    0    20000000    0000026c     UNINITIALIZED
                  20000000    0000026c     driverlib.lib : interrupt.obj (.vtable)

.bss       0    2000026c    0000128f     UNINITIALIZED
                  2000026c    000004b0     bmp.obj (.bss:pColorData)
                  2000071c    00000468     bmp.obj (.bss:bmpfs)
                  20000b84    00000468     sdzimo.obj (.bss:myfs)
                  20000fec    00000224     bmp.obj (.bss:bmpfsrc)
                  20001210    00000224     sdzimo.obj (.bss:myfsrc)
                  20001434    00000050     bmp.obj (.bss:g_cTmpBuf)
                  20001484    00000028     touchTFT.obj (.bss:TouchXData)
                  200014ac    00000028     touchTFT.obj (.bss:TouchYData)
                  200014d4    00000004     (.common:FatFs)
                  200014d8    00000004     (.common:a)
                  200014dc    00000004     (.common:g_ui32SysClock)
                  200014e0    00000004     (.common:key)
                  200014e4    00000004     (.common:led1)
                  200014e8    00000004     (.common:led2)
                  200014ec    00000004     (.common:mybr)
                  200014f0    00000004     (.common:ui32Loop)
                  200014f4    00000002     (.common:Fsid)
                  200014f6    00000001     (.common:CardType)
                  200014f7    00000001     (.common:Timer1)
                  200014f8    00000001     (.common:Timer2)
                  200014f9    00000001     (.common:bmpres)
                  200014fa    00000001     (.common:myres)

.data      0    200014fc    00000464     UNINITIALIZED
                  200014fc    000002e4     Music.obj (.data:my_music_kanyueliangpashanglai)
                  200017e0    000000f0     ui.obj (.data:test_name)
                  200018d0    00000050     bmp.obj (.data:g_cCwdBuf)
                  20001920    00000014     IICaccelermeter.obj (.data)
                  20001934    00000008     TFT_400x240_OTM4001A_16bit.obj (.data)
                  2000193c    00000008     rtsv7M4_T_le_v4SPD16_eabi.lib : _lock.obj (.data)
                  20001944    00000008                                   : exit.obj (.data)
                  2000194c    00000006     IICmiziguan.obj (.data)
                  20001952    00000002     mmc-dk-tm4c129x.obj (.data)
                  20001954    00000005     uartstdio.obj (.data)
                  20001959    00000002     touchTFT.obj (.data)
                  2000195b    00000001     --HOLE--
                  2000195c    00000004     rtsv7M4_T_le_v4SPD16_eabi.lib : stkdepth_vars.obj (.data)

.TI.noinit 
*          0    2000026c    00000000     UNINITIALIZED

.TI.persistent 
*          0    200014fc    00000000     UNINITIALIZED

.stack     0    20001960    00000200     UNINITIALIZED
                  20001960    00000200     --HOLE--


LINKER GENERATED COPY TABLES

__TI_cinit_table @ 0000a448 records: 3, size/record: 8, table size: 24
	.data: load addr=0000a0a0, load size=00000389 bytes, run addr=200014fc, run size=00000464 bytes, compression=rle
	.bss: load addr=0000a438, load size=00000008 bytes, run addr=2000026c, run size=0000128f bytes, compression=zero_init
	.vtable: load addr=0000a440, load size=00000008 bytes, run addr=20000000, run size=0000026c bytes, compression=zero_init


LINKER GENERATED HANDLER TABLE

__TI_handler_table @ 0000a42c records: 3, size/record: 4, table size: 12
	index: 0, handler: __TI_zero_init
	index: 1, handler: __TI_decompress_rle24
	index: 2, handler: __TI_decompress_none


GLOBAL SYMBOLS: SORTED ALPHABETICALLY BY Name 

address   name                          
-------   ----                          
0000964f  ADCIntClear                   
0000926d  ADCIntStatus                  
00009449  ADCProcessorTrigger           
0000918f  ADCSequenceConfigure          
00009357  ADCSequenceDataGet            
000095dd  ADCSequenceEnable             
00008c35  ADCSequenceStepConfigure      
00008b53  ADC_Get                       
00008b0d  ADC_Init                      
000073b5  BoardTest                     
00009085  C$$EXIT                       
00009607  CPUcpsid                      
00009613  CPUcpsie                      
000078ad  ConfigureUART                 
000096ab  EPIAddressMapSet              
000092f3  EPIConfigHB16Set              
000081f9  EPIGPIOinit                   
000096af  EPIModeSet                    
0000958d  FPUEnable                     
0000791f  FPUInit                       
0000959d  FPULazyStackingEnable         
000092c9  GPIODirModeSet                
00008473  GPIOPadConfigSet              
00008fad  GPIOPinConfigure              
00009693  GPIOPinRead                   
000094c5  GPIOPinTypeADC                
000094d7  GPIOPinTypeEPI                
000094e9  GPIOPinTypeGPIOInput          
000093e9  GPIOPinTypeGPIOOutput         
000094fb  GPIOPinTypePWM                
0000950d  GPIOPinTypeSSI                
0000951f  GPIOPinTypeTimer              
00009531  GPIOPinTypeUART               
00009699  GPIOPinWrite                  
00008ba1  GetGBKCode_from_sd            
00005881  I2C0DeviceInit                
0000586f  I2C0GPIOBEnable               
00005269  I2C0GPIOBEnable1              
000058f3  I2C0TubeHighSet               
000058cf  I2C0TubeLowSet                
000058ab  I2C0TubeSelSet                
00005a19  I2C0Tubeset                   
000055a3  I2C_GetACK                    
00004ba3  I2C_GetACK1                   
00005541  I2C_Initial                   
00004b39  I2C_Initial1                  
2000194c  I2C_RECV_DATA                 
20001920  I2C_RECV_DATA1                
00005685  I2C_RxByte                    
00004c9d  I2C_RxByte1                   
0000554d  I2C_START                     
00004b45  I2C_START1                    
000054d5  I2C_STOP                      
00004ac5  I2C_STOP1                     
00005603  I2C_SetNAk                    
00004c0b  I2C_SetNAk1                   
000054a9  I2C_Set_scl_high              
00004a99  I2C_Set_scl_high1             
000054bf  I2C_Set_scl_low               
00004aaf  I2C_Set_scl_low1              
0000547d  I2C_Set_sda_high              
00004a6d  I2C_Set_sda_high1             
00005493  I2C_Set_sda_low               
00004a83  I2C_Set_sda_low1              
00005617  I2C_TxByte                    
00004c27  I2C_TxByte1                   
00007aad  InitAll                       
00002cad  InitGPIOLCDInterface          
000051d1  Init_ADXL345                  
00004f25  Init_Angle                    
00008e09  IntEnable                     
000060e7  IntGPIOb                      
00009659  IntMasterDisable              
00009663  IntMasterEnable               
00009205  IntRegister                   
00007905  InterInit                     
00003e13  LCD_DispCH                    
00003f5b  LCD_DispEnCh                  
00003ef3  LCD_DispStrCH                 
000074fd  LED_init                      
00008081  Lcd_Note                      
0000693f  Lcd_show_bmp                  
00008029  MusicRun                      
00009315  PWMGenConfigure               
0000961f  PWMGenEnable                  
000095ad  PWMGenPeriodSet               
000087c9  PWMLEDInit                    
00008849  PWMLEDRun                     
00009543  PWMOutputState                
00009375  PWMPulseWidthSet              
00009643  ResetISR                      
00007a4f  RomInit                       
UNDEFED   SHT$$INIT_ARRAY$$Base         
UNDEFED   SHT$$INIT_ARRAY$$Limit        
00004e87  SINGLE_read1                  
0000910d  SSIConfigSetExpClk            
0000962b  SSIDataGet                    
00009555  SSIDataGetNonBlocking         
0000966d  SSIDataPut                    
00009677  SSIEnable                     
00005b1d  SSIinit                       
00005c6b  SoftSPI_GetData               
00005beb  SoftSPI_PutData               
00005b85  SoftSPIinit                   
00007b3d  SysCtlClockFreqSet            
000085a5  SysCtlClockGet                
0000969f  SysCtlDelay                   
000093b1  SysCtlGPIOAHBEnable           
00009239  SysCtlPeripheralEnable        
000095bd  SysCtlReset                   
00009461  SysTickEnable                 
000089cd  SysTickHandler                
00009475  SysTickIntEnable              
000095cd  SysTickPeriodSet              
000078e3  TFTInit                       
00003881  TFTLCD_CLEAR                  
00003d27  TFTLCD_DrawCircle             
00003c85  TFTLCD_DrawCriclePixel        
00003a45  TFTLCD_DrawHorizontalLine     
00003771  TFTLCD_DrawPoint              
00003a8f  TFTLCD_DrawVerticalLine       
00002d6b  TFTLCD_EnterSleep             
00002deb  TFTLCD_ExitSleep              
000038d5  TFTLCD_FillBlock              
000036a5  TFTLCD_REFRESH_GRAM           
000036b9  TFTLCD_SetPos                 
00003793  TFTLCD_ShowChar               
0000393d  TFTLCD_ShowData               
00003ad9  TFTLCD_ShowPicture            
00003b7d  TFTLCD_ShowPicture1           
00003c2d  TFTLCD_ShowRectangle          
00003823  TFTLCD_ShowString             
0000792b  TFTTouchInit                  
00002ea1  TFT_400x240_OTM4001Ainit      
00005e69  TOUCH_PointAdjust             
00005e1d  TOUCH_TSC2046init             
000089d5  Timer0BIntHandler             
00008e69  TimerConfigure                
00009489  TimerDisable                  
000095eb  TimerEnable                   
000096b3  TimerIntClear                 
0000968b  TimerIntEnable                
00007937  TimerIntInitial               
00009401  TimerIntRegister              
00009681  TimerIntStatus                
00009567  TimerLoadSet                  
00009579  TimerMatchSet                 
00005bb7  TouchInit                     
20001484  TouchXData                    
200014ac  TouchYData                    
000070b5  Touch_PressKey                
00006bd9  UARTStdioConfig               
00006d51  UARTgetc                      
00006c8b  UARTgets                      
0000707f  UARTprintf                    
00006d85  UARTvprintf                   
00006c39  UARTwrite                     
20001938  WriteCommand                  
20001934  WriteData                     
00007fc5  Yifan_Buzzer_Music_Play       
00007ef1  Yifan_Buzzer_Music_Play_init  
00007f3b  Yifan_Buzzer_Quiet            
00007f5d  Yifan_Buzzer_Sound            
20001b60  __STACK_END                   
00000200  __STACK_SIZE                  
20001b60  __STACK_TOP                   
0000a448  __TI_CINIT_Base               
0000a460  __TI_CINIT_Limit              
0000a42c  __TI_Handler_Table_Base       
0000a438  __TI_Handler_Table_Limit      
00008d31  __TI_auto_init                
20001944  __TI_cleanup_ptr              
000095f9  __TI_decompress_none          
000096a5  __TI_decompress_rle24         
20001948  __TI_dtors_ptr                
00000000  __TI_static_base__            
00009637  __TI_zero_init                
0000903d  __aeabi_d2f                   
000090c9  __aeabi_d2uiz                 
00007d43  __aeabi_dadd                  
0000833d  __aeabi_ddiv                  
000088d1  __aeabi_dmul                  
00007d39  __aeabi_dsub                  
000091cd  __aeabi_f2d                   
0000929b  __aeabi_i2d                   
00007eef  __aeabi_idiv0                 
00008cb5  __aeabi_memclr                
00008cb5  __aeabi_memclr4               
00008cb5  __aeabi_memclr8               
00008a71  __aeabi_memcpy                
00008a71  __aeabi_memcpy4               
00008a71  __aeabi_memcpy8               
00008cb7  __aeabi_memset                
00008cb7  __aeabi_memset4               
00008cb7  __aeabi_memset8               
00009337  __aeabi_ui2d                  
0000914f  __aeabi_uidiv                 
0000914f  __aeabi_uidivmod              
ffffffff  __binit__                     
ffffffff  __c_args__                    
20001960  __stack                       
00009419  _args_main                    
00008ec5  _c_int00                      
2000193c  _lock                         
000094ab  _nop                          
000094a3  _register_lock                
0000949d  _register_unlock              
000096b7  _system_pre_init              
20001940  _unlock                       
200014d8  a                             
00009089  abort                         
000096bc  asc2_1608                     
ffffffff  binit                         
2000071c  bmpfs                         
20000fec  bmpfsrc                       
200014f9  bmpres                        
00006623  buttonInit                    
00006481  buttonShow                    
000004a1  clust2sect                    
00008f61  copy_in                       
0000777d  delay                         
00006139  delay1                        
000044b1  disk_initialize               
00004811  disk_ioctl                    
0000466f  disk_read                     
00004655  disk_status                   
00004a13  disk_timerproc                
0000471f  disk_write                    
00008703  ds18b20_Get                   
000086bd  ds18b20_Init                  
00009091  exit                          
000029b5  f_chmod                       
0000207d  f_close                       
00002477  f_getfree                     
0000209d  f_lseek                       
000027cf  f_mkdir                       
0000181f  f_mount                       
00001875  f_open                        
000022eb  f_opendir                     
00001a89  f_read                        
0000239b  f_readdir                     
00002ac9  f_rename                      
00002427  f_stat                        
00001f81  f_sync                        
000025d9  f_truncate                    
000026cd  f_unlink                      
00002a45  f_utime                       
00001cdd  f_write                       
2000195a  fuwei                         
20000000  g_pfnRAMVectors               
00000000  g_pfnVectors                  
200014dc  g_ui32SysClock                
000004d1  get_fat                       
00004a57  get_fattime                   
000057a3  i2c_read                      
00004dc9  i2c_read1                     
000056f9  i2c_write                     
00004d19  i2c_write1                    
0000615b  identify_key                  
200014e0  key                           
200014e4  led1                          
200014e8  led2                          
0000767b  ledWrite                      
0000772d  led_initAll                   
000077b9  led_liushuideng               
00007895  led_test                      
00008a1f  main                          
2000195c  main_func_sp                  
00008a71  memcpy                        
00008cbd  memset                        
20001928  mg_zero                       
200014fc  my_music_kanyueliangpashanglai
200014ec  mybr                          
20000b84  myfs                          
20001210  myfsrc                        
200014fa  myres                         
2000026c  pColorData                    
00007973  power_on                      
000005f5  put_fat                       
20001959  rec_cmd                       
00005917  setnumber                     
00005a41  showABCD                      
000052c1  showAcceler                   
00005a2d  showvalue                     
00009393  strcat                        
00009431  strcmp                        
000094b1  strcpy                        
200017e0  test_name                     
00005cfd  touch_getx                    
00005d8d  touch_gety                    
200014f0  ui32Loop                      


GLOBAL SYMBOLS: SORTED BY Symbol Address 

address   name                          
-------   ----                          
00000000  __TI_static_base__            
00000000  g_pfnVectors                  
00000200  __STACK_SIZE                  
000004a1  clust2sect                    
000004d1  get_fat                       
000005f5  put_fat                       
0000181f  f_mount                       
00001875  f_open                        
00001a89  f_read                        
00001cdd  f_write                       
00001f81  f_sync                        
0000207d  f_close                       
0000209d  f_lseek                       
000022eb  f_opendir                     
0000239b  f_readdir                     
00002427  f_stat                        
00002477  f_getfree                     
000025d9  f_truncate                    
000026cd  f_unlink                      
000027cf  f_mkdir                       
000029b5  f_chmod                       
00002a45  f_utime                       
00002ac9  f_rename                      
00002cad  InitGPIOLCDInterface          
00002d6b  TFTLCD_EnterSleep             
00002deb  TFTLCD_ExitSleep              
00002ea1  TFT_400x240_OTM4001Ainit      
000036a5  TFTLCD_REFRESH_GRAM           
000036b9  TFTLCD_SetPos                 
00003771  TFTLCD_DrawPoint              
00003793  TFTLCD_ShowChar               
00003823  TFTLCD_ShowString             
00003881  TFTLCD_CLEAR                  
000038d5  TFTLCD_FillBlock              
0000393d  TFTLCD_ShowData               
00003a45  TFTLCD_DrawHorizontalLine     
00003a8f  TFTLCD_DrawVerticalLine       
00003ad9  TFTLCD_ShowPicture            
00003b7d  TFTLCD_ShowPicture1           
00003c2d  TFTLCD_ShowRectangle          
00003c85  TFTLCD_DrawCriclePixel        
00003d27  TFTLCD_DrawCircle             
00003e13  LCD_DispCH                    
00003ef3  LCD_DispStrCH                 
00003f5b  LCD_DispEnCh                  
000044b1  disk_initialize               
00004655  disk_status                   
0000466f  disk_read                     
0000471f  disk_write                    
00004811  disk_ioctl                    
00004a13  disk_timerproc                
00004a57  get_fattime                   
00004a6d  I2C_Set_sda_high1             
00004a83  I2C_Set_sda_low1              
00004a99  I2C_Set_scl_high1             
00004aaf  I2C_Set_scl_low1              
00004ac5  I2C_STOP1                     
00004b39  I2C_Initial1                  
00004b45  I2C_START1                    
00004ba3  I2C_GetACK1                   
00004c0b  I2C_SetNAk1                   
00004c27  I2C_TxByte1                   
00004c9d  I2C_RxByte1                   
00004d19  i2c_write1                    
00004dc9  i2c_read1                     
00004e87  SINGLE_read1                  
00004f25  Init_Angle                    
000051d1  Init_ADXL345                  
00005269  I2C0GPIOBEnable1              
000052c1  showAcceler                   
0000547d  I2C_Set_sda_high              
00005493  I2C_Set_sda_low               
000054a9  I2C_Set_scl_high              
000054bf  I2C_Set_scl_low               
000054d5  I2C_STOP                      
00005541  I2C_Initial                   
0000554d  I2C_START                     
000055a3  I2C_GetACK                    
00005603  I2C_SetNAk                    
00005617  I2C_TxByte                    
00005685  I2C_RxByte                    
000056f9  i2c_write                     
000057a3  i2c_read                      
0000586f  I2C0GPIOBEnable               
00005881  I2C0DeviceInit                
000058ab  I2C0TubeSelSet                
000058cf  I2C0TubeLowSet                
000058f3  I2C0TubeHighSet               
00005917  setnumber                     
00005a19  I2C0Tubeset                   
00005a2d  showvalue                     
00005a41  showABCD                      
00005b1d  SSIinit                       
00005b85  SoftSPIinit                   
00005bb7  TouchInit                     
00005beb  SoftSPI_PutData               
00005c6b  SoftSPI_GetData               
00005cfd  touch_getx                    
00005d8d  touch_gety                    
00005e1d  TOUCH_TSC2046init             
00005e69  TOUCH_PointAdjust             
000060e7  IntGPIOb                      
00006139  delay1                        
0000615b  identify_key                  
00006481  buttonShow                    
00006623  buttonInit                    
0000693f  Lcd_show_bmp                  
00006bd9  UARTStdioConfig               
00006c39  UARTwrite                     
00006c8b  UARTgets                      
00006d51  UARTgetc                      
00006d85  UARTvprintf                   
0000707f  UARTprintf                    
000070b5  Touch_PressKey                
000073b5  BoardTest                     
000074fd  LED_init                      
0000767b  ledWrite                      
0000772d  led_initAll                   
0000777d  delay                         
000077b9  led_liushuideng               
00007895  led_test                      
000078ad  ConfigureUART                 
000078e3  TFTInit                       
00007905  InterInit                     
0000791f  FPUInit                       
0000792b  TFTTouchInit                  
00007937  TimerIntInitial               
00007973  power_on                      
00007a4f  RomInit                       
00007aad  InitAll                       
00007b3d  SysCtlClockFreqSet            
00007d39  __aeabi_dsub                  
00007d43  __aeabi_dadd                  
00007eef  __aeabi_idiv0                 
00007ef1  Yifan_Buzzer_Music_Play_init  
00007f3b  Yifan_Buzzer_Quiet            
00007f5d  Yifan_Buzzer_Sound            
00007fc5  Yifan_Buzzer_Music_Play       
00008029  MusicRun                      
00008081  Lcd_Note                      
000081f9  EPIGPIOinit                   
0000833d  __aeabi_ddiv                  
00008473  GPIOPadConfigSet              
000085a5  SysCtlClockGet                
000086bd  ds18b20_Init                  
00008703  ds18b20_Get                   
000087c9  PWMLEDInit                    
00008849  PWMLEDRun                     
000088d1  __aeabi_dmul                  
000089cd  SysTickHandler                
000089d5  Timer0BIntHandler             
00008a1f  main                          
00008a71  __aeabi_memcpy                
00008a71  __aeabi_memcpy4               
00008a71  __aeabi_memcpy8               
00008a71  memcpy                        
00008b0d  ADC_Init                      
00008b53  ADC_Get                       
00008ba1  GetGBKCode_from_sd            
00008c35  ADCSequenceStepConfigure      
00008cb5  __aeabi_memclr                
00008cb5  __aeabi_memclr4               
00008cb5  __aeabi_memclr8               
00008cb7  __aeabi_memset                
00008cb7  __aeabi_memset4               
00008cb7  __aeabi_memset8               
00008cbd  memset                        
00008d31  __TI_auto_init                
00008e09  IntEnable                     
00008e69  TimerConfigure                
00008ec5  _c_int00                      
00008f61  copy_in                       
00008fad  GPIOPinConfigure              
0000903d  __aeabi_d2f                   
00009085  C$$EXIT                       
00009089  abort                         
00009091  exit                          
000090c9  __aeabi_d2uiz                 
0000910d  SSIConfigSetExpClk            
0000914f  __aeabi_uidiv                 
0000914f  __aeabi_uidivmod              
0000918f  ADCSequenceConfigure          
000091cd  __aeabi_f2d                   
00009205  IntRegister                   
00009239  SysCtlPeripheralEnable        
0000926d  ADCIntStatus                  
0000929b  __aeabi_i2d                   
000092c9  GPIODirModeSet                
000092f3  EPIConfigHB16Set              
00009315  PWMGenConfigure               
00009337  __aeabi_ui2d                  
00009357  ADCSequenceDataGet            
00009375  PWMPulseWidthSet              
00009393  strcat                        
000093b1  SysCtlGPIOAHBEnable           
000093e9  GPIOPinTypeGPIOOutput         
00009401  TimerIntRegister              
00009419  _args_main                    
00009431  strcmp                        
00009449  ADCProcessorTrigger           
00009461  SysTickEnable                 
00009475  SysTickIntEnable              
00009489  TimerDisable                  
0000949d  _register_unlock              
000094a3  _register_lock                
000094ab  _nop                          
000094b1  strcpy                        
000094c5  GPIOPinTypeADC                
000094d7  GPIOPinTypeEPI                
000094e9  GPIOPinTypeGPIOInput          
000094fb  GPIOPinTypePWM                
0000950d  GPIOPinTypeSSI                
0000951f  GPIOPinTypeTimer              
00009531  GPIOPinTypeUART               
00009543  PWMOutputState                
00009555  SSIDataGetNonBlocking         
00009567  TimerLoadSet                  
00009579  TimerMatchSet                 
0000958d  FPUEnable                     
0000959d  FPULazyStackingEnable         
000095ad  PWMGenPeriodSet               
000095bd  SysCtlReset                   
000095cd  SysTickPeriodSet              
000095dd  ADCSequenceEnable             
000095eb  TimerEnable                   
000095f9  __TI_decompress_none          
00009607  CPUcpsid                      
00009613  CPUcpsie                      
0000961f  PWMGenEnable                  
0000962b  SSIDataGet                    
00009637  __TI_zero_init                
00009643  ResetISR                      
0000964f  ADCIntClear                   
00009659  IntMasterDisable              
00009663  IntMasterEnable               
0000966d  SSIDataPut                    
00009677  SSIEnable                     
00009681  TimerIntStatus                
0000968b  TimerIntEnable                
00009693  GPIOPinRead                   
00009699  GPIOPinWrite                  
0000969f  SysCtlDelay                   
000096a5  __TI_decompress_rle24         
000096ab  EPIAddressMapSet              
000096af  EPIModeSet                    
000096b3  TimerIntClear                 
000096b7  _system_pre_init              
000096bc  asc2_1608                     
0000a42c  __TI_Handler_Table_Base       
0000a438  __TI_Handler_Table_Limit      
0000a448  __TI_CINIT_Base               
0000a460  __TI_CINIT_Limit              
20000000  g_pfnRAMVectors               
2000026c  pColorData                    
2000071c  bmpfs                         
20000b84  myfs                          
20000fec  bmpfsrc                       
20001210  myfsrc                        
20001484  TouchXData                    
200014ac  TouchYData                    
200014d8  a                             
200014dc  g_ui32SysClock                
200014e0  key                           
200014e4  led1                          
200014e8  led2                          
200014ec  mybr                          
200014f0  ui32Loop                      
200014f9  bmpres                        
200014fa  myres                         
200014fc  my_music_kanyueliangpashanglai
200017e0  test_name                     
20001920  I2C_RECV_DATA1                
20001928  mg_zero                       
20001934  WriteData                     
20001938  WriteCommand                  
2000193c  _lock                         
20001940  _unlock                       
20001944  __TI_cleanup_ptr              
20001948  __TI_dtors_ptr                
2000194c  I2C_RECV_DATA                 
20001959  rec_cmd                       
2000195a  fuwei                         
2000195c  main_func_sp                  
20001960  __stack                       
20001b60  __STACK_END                   
20001b60  __STACK_TOP                   
ffffffff  __binit__                     
ffffffff  __c_args__                    
ffffffff  binit                         
UNDEFED   SHT$$INIT_ARRAY$$Base         
UNDEFED   SHT$$INIT_ARRAY$$Limit        

[291 symbols]
