******************************************************************************
                  TI ARM Linker PC v5.1.6                      
******************************************************************************
>> Linked Sun Oct 12 19:14:02 2014

OUTPUT FILE NAME:   <sd_card_1294.out>
ENTRY POINT SYMBOL: "_c_int00"  address: 0000477d


MEMORY CONFIGURATION

         name            origin    length      used     unused   attr    fill
----------------------  --------  ---------  --------  --------  ----  --------
  FLASH                 00000000   00100000  00005010  000faff0  R  X
  SRAM                  20000000   00040000  000008c5  0003f73b  RW X


SEGMENT ALLOCATION MAP

run origin  load origin   length   init length attrs members
----------  ----------- ---------- ----------- ----- -------
00000000    00000000    00005010   00005010    r-x
  00000000    00000000    00000208   00000208    r-- .intvecs
  00000208    00000208    0000481c   0000481c    r-x .text
  00004a24    00004a24    000004ac   000004ac    r-- .const
  00004ed0    00004ed0    00000140   00000140    r-- .cinit
20000000    20000000    000008c8   00000000    rw-
  20000000    20000000    0000054d   00000000    rw- .bss
  20000550    20000550    00000200   00000000    rw- .stack
  20000750    20000750    00000178   00000000    rw- .data


SECTION ALLOCATION MAP

 output                                  attributes/
section   page    origin      length       input sections
--------  ----  ----------  ----------   ----------------
.intvecs   0    00000000    00000208     
                  00000000    00000208     tm4c1294ncpdt_startup_ccs.obj (.intvecs)

.init_array 
*          0    00000000    00000000     UNINITIALIZED

.text      0    00000208    0000481c     
                  00000208    00002a24     ff.obj (.text)
                  00002c2c    000009e8     mmc-ek-tm4c1294xl.obj (.text)
                  00003614    00000694     sd_card_1294.obj (.text)
                  00003ca8    000004dc     uartstdio.obj (.text)
                  00004184    000001fc     driverlib.lib : sysctl.obj (.text:SysCtlClockFreqSet)
                  00004380    00000130                   : gpio.obj (.text:GPIOPadConfigSet)
                  000044b0    000000ac     cmdline.obj (.text)
                  0000455c    0000009c     rtsv7M4_T_le_v4SPD16_eabi.lib : memcpy_t2.obj (.text)
                  000045f8    00000094                                   : auto_init.obj (.text)
                  0000468c    0000005e                                   : copy_decompress_rle.obj (.text)
                  000046ea    00000002     --HOLE-- [fill = 0]
                  000046ec    00000048     driverlib.lib : gpio.obj (.text:GPIOPinConfigure)
                  00004734    00000048                   : sysctl.obj (.text:_SysCtlFrequencyGet)
                  0000477c    00000048     rtsv7M4_T_le_v4SPD16_eabi.lib : boot.obj (.text)
                  000047c4    00000044                                   : cpy_tbl.obj (.text)
                  00004808    00000044                                   : exit.obj (.text)
                  0000484c    00000042                                   : u_divt2.obj (.text)
                  0000488e    00000002     --HOLE-- [fill = 0]
                  00004890    00000034     driverlib.lib : sysctl.obj (.text:SysCtlPeripheralEnable)
                  000048c4    00000030     rtsv7M4_T_le_v4SPD16_eabi.lib : strncpy.obj (.text)
                  000048f4    0000002a     driverlib.lib : gpio.obj (.text:GPIODirModeSet)
                  0000491e    00000002     --HOLE-- [fill = 0]
                  00004920    0000001c                   : sysctl.obj (.text:_SysCtlMemTimingGet)
                  0000493c    0000001a     rtsv7M4_T_le_v4SPD16_eabi.lib : strcat.obj (.text)
                  00004956    00000002     --HOLE-- [fill = 0]
                  00004958    00000018                                   : args_main.obj (.text)
                  00004970    00000018                                   : strcmp.obj (.text)
                  00004988    00000014                                   : _lock.obj (.text)
                  0000499c    00000014                                   : strlen.obj (.text)
                  000049b0    00000012     driverlib.lib : gpio.obj (.text:GPIOPinTypeUART)
                  000049c2    00000012     rtsv7M4_T_le_v4SPD16_eabi.lib : copy_zero_init.obj (.text:decompress:ZI)
                  000049d4    00000010     driverlib.lib : fpu.obj (.text:FPUEnable)
                  000049e4    00000010                   : fpu.obj (.text:FPULazyStackingEnable)
                  000049f4    00000010     rtsv7M4_T_le_v4SPD16_eabi.lib : strcpy.obj (.text)
                  00004a04    0000000e                                   : copy_decompress_none.obj (.text:decompress:none)
                  00004a12    0000000c     tm4c1294ncpdt_startup_ccs.obj (.text)
                  00004a1e    00000006     rtsv7M4_T_le_v4SPD16_eabi.lib : copy_decompress_rle.obj (.text:decompress:rle24)

.const     0    00004a24    000004ac     
                  00004a24    00000226     sd_card_1294.obj (.const:.string)
                  00004c4a    00000002     --HOLE-- [fill = 0]
                  00004c4c    00000120     driverlib.lib : sysctl.obj (.const:g_pppui32XTALtoVCO)
                  00004d6c    00000090                   : gpio.obj (.const:g_pui32GPIOBaseAddrs)
                  00004dfc    0000006c                   : sysctl.obj (.const:g_pui32Xtals)
                  00004e68    00000030                   : sysctl.obj (.const:g_sXTALtoMEMTIM)
                  00004e98    0000001c     uartstdio.obj (.const)
                  00004eb4    00000012     uartstdio.obj (.const:.string)
                  00004ec6    00000002     --HOLE-- [fill = 0]
                  00004ec8    00000008     driverlib.lib : sysctl.obj (.const)

.cinit     0    00004ed0    00000140     
                  00004ed0    00000117     (.cinit..data.load) [load image, compression = rle]
                  00004fe7    00000001     --HOLE-- [fill = 0]
                  00004fe8    0000000c     (__TI_handler_table)
                  00004ff4    00000004     --HOLE-- [fill = 0]
                  00004ff8    00000008     (.cinit..bss.load) [load image, compression = zero_init]
                  00005000    00000010     (__TI_cinit_table)

.bss       0    20000000    0000054d     UNINITIALIZED
                  20000000    00000234     sd_card_1294.obj (.bss:g_sFatFs)
                  20000234    00000224     sd_card_1294.obj (.bss:g_sFileObject)
                  20000458    00000050     sd_card_1294.obj (.bss:g_cTmpBuf)
                  200004a8    00000040     sd_card_1294.obj (.bss:g_cCmdBuf)
                  200004e8    00000024     cmdline.obj (.bss:g_ppcArgv)
                  2000050c    0000001c     (.common:g_sDirObject)
                  20000528    00000018     (.common:g_sFileInfo)
                  20000540    00000004     (.common:FatFs)
                  20000544    00000004     (.common:g_ui32SysClock)
                  20000548    00000002     (.common:Fsid)
                  2000054a    00000001     (.common:CardType)
                  2000054b    00000001     (.common:Timer1)
                  2000054c    00000001     (.common:Timer2)

.stack     0    20000550    00000200     UNINITIALIZED
                  20000550    00000200     --HOLE--

.data      0    20000750    00000178     UNINITIALIZED
                  20000750    000000a0     sd_card_1294.obj (.data:g_sFresultStrings)
                  200007f0    0000006c     sd_card_1294.obj (.data:g_psCmdTable)
                  2000085c    00000050     sd_card_1294.obj (.data:g_cCwdBuf)
                  200008ac    00000008     rtsv7M4_T_le_v4SPD16_eabi.lib : _lock.obj (.data)
                  200008b4    00000008                                   : exit.obj (.data)
                  200008bc    00000005     uartstdio.obj (.data)
                  200008c1    00000002     mmc-ek-tm4c1294xl.obj (.data)
                  200008c3    00000001     --HOLE--
                  200008c4    00000004     rtsv7M4_T_le_v4SPD16_eabi.lib : stkdepth_vars.obj (.data)


LINKER GENERATED COPY TABLES

__TI_cinit_table @ 00005000 records: 2, size/record: 8, table size: 16
	.data: load addr=00004ed0, load size=00000117 bytes, run addr=20000750, run size=00000178 bytes, compression=rle
	.bss: load addr=00004ff8, load size=00000008 bytes, run addr=20000000, run size=0000054d bytes, compression=zero_init


LINKER GENERATED HANDLER TABLE

__TI_handler_table @ 00004fe8 records: 3, size/record: 4, table size: 12
	index: 0, handler: __TI_decompress_rle24
	index: 1, handler: __TI_decompress_none
	index: 2, handler: __TI_zero_init


GLOBAL SYMBOLS: SORTED ALPHABETICALLY BY Name 

address    name
--------   ----
00004809   C$$EXIT
000044b1   CmdLineProcess
000038cd   Cmd_cat
000037a1   Cmd_cd
00003971   Cmd_help
0000365b   Cmd_ls
00003889   Cmd_pwd
000039ad   ConfigureUART
000049d5   FPUEnable
000049e5   FPULazyStackingEnable
000048f5   GPIODirModeSet
00004381   GPIOPadConfigSet
000046ed   GPIOPinConfigure
000049b1   GPIOPinTypeUART
00004a13   ResetISR
UNDEFED    SHT$$INIT_ARRAY$$Base
UNDEFED    SHT$$INIT_ARRAY$$Limit
00003615   StringFromFresult
00004185   SysCtlClockFreqSet
00004891   SysCtlPeripheralEnable
00003653   SysTickHandler
00003ca9   UARTStdioConfig
00003e21   UARTgetc
00003d5b   UARTgets
0000414f   UARTprintf
00003e55   UARTvprintf
00003d09   UARTwrite
20000750   __STACK_END
00000200   __STACK_SIZE
20000750   __STACK_TOP
00005000   __TI_CINIT_Base
00005010   __TI_CINIT_Limit
00004fe8   __TI_Handler_Table_Base
00004ff4   __TI_Handler_Table_Limit
00000001   __TI_args_main
000045f9   __TI_auto_init
200008b4   __TI_cleanup_ptr
00004a05   __TI_decompress_none
00004a1f   __TI_decompress_rle24
200008b8   __TI_dtors_ptr
00000000   __TI_static_base__
000049c3   __TI_zero_init
0000455d   __aeabi_memcpy
0000455d   __aeabi_memcpy4
0000455d   __aeabi_memcpy8
0000484d   __aeabi_uidivmod
ffffffff   __binit__
ffffffff   __c_args__
20000550   __stack
00004959   _args_main
0000477d   _c_int00
200008ac   _lock
00004997   _nop
0000498f   _register_lock
00004989   _register_unlock
200008b0   _unlock
0000480d   abort
ffffffff   binit
000004a9   clust2sect
000047c5   copy_in
00003059   disk_initialize
000033b9   disk_ioctl
00003217   disk_read
000031fd   disk_status
000035bb   disk_timerproc
000032c7   disk_write
00004815   exit
000029c1   f_chmod
00002089   f_close
00002483   f_getfree
000020a9   f_lseek
000027db   f_mkdir
00001827   f_mount
0000187d   f_open
000022f7   f_opendir
00001a91   f_read
000023a7   f_readdir
00002ad5   f_rename
00002433   f_stat
00001f89   f_sync
000025e5   f_truncate
000026d9   f_unlink
00002a51   f_utime
00001ce5   f_write
00000000   g_pfnVectors
200007f0   g_psCmdTable
20000750   g_sFresultStrings
20000544   g_ui32SysClock
000004d9   get_fat
000035ff   get_fattime
00003a7d   main
200008c4   main_func_sp
0000455d   memcpy
000005fd   put_fat
0000493d   strcat
00004971   strcmp
000049f5   strcpy
0000499d   strlen
000048c5   strncpy


GLOBAL SYMBOLS: SORTED BY Symbol Address 

address    name
--------   ----
00000000   __TI_static_base__
00000000   g_pfnVectors
00000001   __TI_args_main
00000200   __STACK_SIZE
000004a9   clust2sect
000004d9   get_fat
000005fd   put_fat
00001827   f_mount
0000187d   f_open
00001a91   f_read
00001ce5   f_write
00001f89   f_sync
00002089   f_close
000020a9   f_lseek
000022f7   f_opendir
000023a7   f_readdir
00002433   f_stat
00002483   f_getfree
000025e5   f_truncate
000026d9   f_unlink
000027db   f_mkdir
000029c1   f_chmod
00002a51   f_utime
00002ad5   f_rename
00003059   disk_initialize
000031fd   disk_status
00003217   disk_read
000032c7   disk_write
000033b9   disk_ioctl
000035bb   disk_timerproc
000035ff   get_fattime
00003615   StringFromFresult
00003653   SysTickHandler
0000365b   Cmd_ls
000037a1   Cmd_cd
00003889   Cmd_pwd
000038cd   Cmd_cat
00003971   Cmd_help
000039ad   ConfigureUART
00003a7d   main
00003ca9   UARTStdioConfig
00003d09   UARTwrite
00003d5b   UARTgets
00003e21   UARTgetc
00003e55   UARTvprintf
0000414f   UARTprintf
00004185   SysCtlClockFreqSet
00004381   GPIOPadConfigSet
000044b1   CmdLineProcess
0000455d   __aeabi_memcpy
0000455d   __aeabi_memcpy4
0000455d   __aeabi_memcpy8
0000455d   memcpy
000045f9   __TI_auto_init
000046ed   GPIOPinConfigure
0000477d   _c_int00
000047c5   copy_in
00004809   C$$EXIT
0000480d   abort
00004815   exit
0000484d   __aeabi_uidivmod
00004891   SysCtlPeripheralEnable
000048c5   strncpy
000048f5   GPIODirModeSet
0000493d   strcat
00004959   _args_main
00004971   strcmp
00004989   _register_unlock
0000498f   _register_lock
00004997   _nop
0000499d   strlen
000049b1   GPIOPinTypeUART
000049c3   __TI_zero_init
000049d5   FPUEnable
000049e5   FPULazyStackingEnable
000049f5   strcpy
00004a05   __TI_decompress_none
00004a13   ResetISR
00004a1f   __TI_decompress_rle24
00004fe8   __TI_Handler_Table_Base
00004ff4   __TI_Handler_Table_Limit
00005000   __TI_CINIT_Base
00005010   __TI_CINIT_Limit
20000544   g_ui32SysClock
20000550   __stack
20000750   __STACK_END
20000750   __STACK_TOP
20000750   g_sFresultStrings
200007f0   g_psCmdTable
200008ac   _lock
200008b0   _unlock
200008b4   __TI_cleanup_ptr
200008b8   __TI_dtors_ptr
200008c4   main_func_sp
ffffffff   __binit__
ffffffff   __c_args__
ffffffff   binit
UNDEFED    SHT$$INIT_ARRAY$$Base
UNDEFED    SHT$$INIT_ARRAY$$Limit

[99 symbols]
